###############################################################################
#                                                                             #
# IAR ELF Linker V6.30.1.53127/W32 for ARM              31/Aug/2014  19:34:32 #
# Copyright 2007-2011 IAR Systems AB.                                         #
#                                                                             #
#    Output file  =  C:\Users\xuxu\Desktop\9.13 比赛版本(赛后整理版本)\build\ #
#                    fire_demo\Release\Exe\fire_gpio_demo.out                 #
#    Map file     =  C:\Users\xuxu\Desktop\9.13 比赛版本(赛后整理版本)\build\ #
#                    fire_demo\Release\List\fire_gpio_demo.map                #
#    Command line =  "C:\Users\xuxu\Desktop\9.13                              #
#                    比赛版本(赛后整理版本)\build\fire_demo\Release\Obj\AT24C #
#                    02.o" "C:\Users\xuxu\Desktop\9.13                        #
#                    比赛版本(赛后整理版本)\build\fire_demo\Release\Obj\About #
#                    _Image.o" "C:\Users\xuxu\Desktop\9.13                    #
#                    比赛版本(赛后整理版本)\build\fire_demo\Release\Obj\BSP.o #
#                    " "C:\Users\xuxu\Desktop\9.13                            #
#                    比赛版本(赛后整理版本)\build\fire_demo\Release\Obj\Car_i #
#                    nit.o" "C:\Users\xuxu\Desktop\9.13                       #
#                    比赛版本(赛后整理版本)\build\fire_demo\Release\Obj\FTM.o #
#                    " "C:\Users\xuxu\Desktop\9.13                            #
#                    比赛版本(赛后整理版本)\build\fire_demo\Release\Obj\IIC.o #
#                    " "C:\Users\xuxu\Desktop\9.13                            #
#                    比赛版本(赛后整理版本)\build\fire_demo\Release\Obj\ISR_f #
#                    un.o" "C:\Users\xuxu\Desktop\9.13                        #
#                    比赛版本(赛后整理版本)\build\fire_demo\Release\Obj\LCD.o #
#                    " "C:\Users\xuxu\Desktop\9.13                            #
#                    比赛版本(赛后整理版本)\build\fire_demo\Release\Obj\LED.o #
#                    " "C:\Users\xuxu\Desktop\9.13                            #
#                    比赛版本(赛后整理版本)\build\fire_demo\Release\Obj\OV772 #
#                    5.o" "C:\Users\xuxu\Desktop\9.13                         #
#                    比赛版本(赛后整理版本)\build\fire_demo\Release\Obj\PIT.o #
#                    " "C:\Users\xuxu\Desktop\9.13                            #
#                    比赛版本(赛后整理版本)\build\fire_demo\Release\Obj\Proce #
#                    ss.o" "C:\Users\xuxu\Desktop\9.13                        #
#                    比赛版本(赛后整理版本)\build\fire_demo\Release\Obj\SCCB. #
#                    o" "C:\Users\xuxu\Desktop\9.13                           #
#                    比赛版本(赛后整理版本)\build\fire_demo\Release\Obj\SD_Se #
#                    ndDriver.o" "C:\Users\xuxu\Desktop\9.13                  #
#                    比赛版本(赛后整理版本)\build\fire_demo\Release\Obj\Small #
#                    S_Cross.o" "C:\Users\xuxu\Desktop\9.13                   #
#                    比赛版本(赛后整理版本)\build\fire_demo\Release\Obj\Start #
#                    line_Ren_Block.o" "C:\Users\xuxu\Desktop\9.13            #
#                    比赛版本(赛后整理版本)\build\fire_demo\Release\Obj\adc.o #
#                    " "C:\Users\xuxu\Desktop\9.13                            #
#                    比赛版本(赛后整理版本)\build\fire_demo\Release\Obj\alloc #
#                    .o" "C:\Users\xuxu\Desktop\9.13                          #
#                    比赛版本(赛后整理版本)\build\fire_demo\Release\Obj\app.o #
#                    " "C:\Users\xuxu\Desktop\9.13                            #
#                    比赛版本(赛后整理版本)\build\fire_demo\Release\Obj\app_h #
#                    ooks.o" "C:\Users\xuxu\Desktop\9.13                      #
#                    比赛版本(赛后整理版本)\build\fire_demo\Release\Obj\arm_c #
#                    m4.o" "C:\Users\xuxu\Desktop\9.13                        #
#                    比赛版本(赛后整理版本)\build\fire_demo\Release\Obj\asser #
#                    t.o" "C:\Users\xuxu\Desktop\9.13                         #
#                    比赛版本(赛后整理版本)\build\fire_demo\Release\Obj\crt0. #
#                    o" "C:\Users\xuxu\Desktop\9.13                           #
#                    比赛版本(赛后整理版本)\build\fire_demo\Release\Obj\delay #
#                    .o" "C:\Users\xuxu\Desktop\9.13                          #
#                    比赛版本(赛后整理版本)\build\fire_demo\Release\Obj\diski #
#                    o.o" "C:\Users\xuxu\Desktop\9.13                         #
#                    比赛版本(赛后整理版本)\build\fire_demo\Release\Obj\dma.o #
#                    " "C:\Users\xuxu\Desktop\9.13                            #
#                    比赛版本(赛后整理版本)\build\fire_demo\Release\Obj\exti. #
#                    o" "C:\Users\xuxu\Desktop\9.13                           #
#                    比赛版本(赛后整理版本)\build\fire_demo\Release\Obj\ff.o" #
#                     "C:\Users\xuxu\Desktop\9.13                             #
#                    比赛版本(赛后整理版本)\build\fire_demo\Release\Obj\flash #
#                    .o" "C:\Users\xuxu\Desktop\9.13                          #
#                    比赛版本(赛后整理版本)\build\fire_demo\Release\Obj\gpio. #
#                    o" "C:\Users\xuxu\Desktop\9.13                           #
#                    比赛版本(赛后整理版本)\build\fire_demo\Release\Obj\i2c.o #
#                    " "C:\Users\xuxu\Desktop\9.13                            #
#                    比赛版本(赛后整理版本)\build\fire_demo\Release\Obj\io.o" #
#                     "C:\Users\xuxu\Desktop\9.13                             #
#                    比赛版本(赛后整理版本)\build\fire_demo\Release\Obj\isr.o #
#                    " "C:\Users\xuxu\Desktop\9.13                            #
#                    比赛版本(赛后整理版本)\build\fire_demo\Release\Obj\lptmr #
#                    .o" "C:\Users\xuxu\Desktop\9.13                          #
#                    比赛版本(赛后整理版本)\build\fire_demo\Release\Obj\main. #
#                    o" "C:\Users\xuxu\Desktop\9.13                           #
#                    比赛版本(赛后整理版本)\build\fire_demo\Release\Obj\mcg.o #
#                    " "C:\Users\xuxu\Desktop\9.13                            #
#                    比赛版本(赛后整理版本)\build\fire_demo\Release\Obj\memte #
#                    st.o" "C:\Users\xuxu\Desktop\9.13                        #
#                    比赛版本(赛后整理版本)\build\fire_demo\Release\Obj\os_co #
#                    re.o" "C:\Users\xuxu\Desktop\9.13                        #
#                    比赛版本(赛后整理版本)\build\fire_demo\Release\Obj\os_cp #
#                    u_a.o" "C:\Users\xuxu\Desktop\9.13                       #
#                    比赛版本(赛后整理版本)\build\fire_demo\Release\Obj\os_cp #
#                    u_c.o" "C:\Users\xuxu\Desktop\9.13                       #
#                    比赛版本(赛后整理版本)\build\fire_demo\Release\Obj\os_db #
#                    g.o" "C:\Users\xuxu\Desktop\9.13                         #
#                    比赛版本(赛后整理版本)\build\fire_demo\Release\Obj\os_fl #
#                    ag.o" "C:\Users\xuxu\Desktop\9.13                        #
#                    比赛版本(赛后整理版本)\build\fire_demo\Release\Obj\os_mb #
#                    ox.o" "C:\Users\xuxu\Desktop\9.13                        #
#                    比赛版本(赛后整理版本)\build\fire_demo\Release\Obj\os_me #
#                    m.o" "C:\Users\xuxu\Desktop\9.13                         #
#                    比赛版本(赛后整理版本)\build\fire_demo\Release\Obj\os_mu #
#                    tex.o" "C:\Users\xuxu\Desktop\9.13                       #
#                    比赛版本(赛后整理版本)\build\fire_demo\Release\Obj\os_q. #
#                    o" "C:\Users\xuxu\Desktop\9.13                           #
#                    比赛版本(赛后整理版本)\build\fire_demo\Release\Obj\os_se #
#                    m.o" "C:\Users\xuxu\Desktop\9.13                         #
#                    比赛版本(赛后整理版本)\build\fire_demo\Release\Obj\os_ta #
#                    sk.o" "C:\Users\xuxu\Desktop\9.13                        #
#                    比赛版本(赛后整理版本)\build\fire_demo\Release\Obj\os_ti #
#                    me.o" "C:\Users\xuxu\Desktop\9.13                        #
#                    比赛版本(赛后整理版本)\build\fire_demo\Release\Obj\os_tm #
#                    r.o" "C:\Users\xuxu\Desktop\9.13                         #
#                    比赛版本(赛后整理版本)\build\fire_demo\Release\Obj\port. #
#                    o" "C:\Users\xuxu\Desktop\9.13                           #
#                    比赛版本(赛后整理版本)\build\fire_demo\Release\Obj\print #
#                    f.o" "C:\Users\xuxu\Desktop\9.13                         #
#                    比赛版本(赛后整理版本)\build\fire_demo\Release\Obj\queue #
#                    .o" "C:\Users\xuxu\Desktop\9.13                          #
#                    比赛版本(赛后整理版本)\build\fire_demo\Release\Obj\sdhc. #
#                    o" "C:\Users\xuxu\Desktop\9.13                           #
#                    比赛版本(赛后整理版本)\build\fire_demo\Release\Obj\start #
#                    .o" "C:\Users\xuxu\Desktop\9.13                          #
#                    比赛版本(赛后整理版本)\build\fire_demo\Release\Obj\start #
#                    up.o" "C:\Users\xuxu\Desktop\9.13                        #
#                    比赛版本(赛后整理版本)\build\fire_demo\Release\Obj\stdli #
#                    b.o" "C:\Users\xuxu\Desktop\9.13                         #
#                    比赛版本(赛后整理版本)\build\fire_demo\Release\Obj\sysin #
#                    it.o" "C:\Users\xuxu\Desktop\9.13                        #
#                    比赛版本(赛后整理版本)\build\fire_demo\Release\Obj\uart. #
#                    o" "C:\Users\xuxu\Desktop\9.13                           #
#                    比赛版本(赛后整理版本)\build\fire_demo\Release\Obj\uif.o #
#                    " "C:\Users\xuxu\Desktop\9.13                            #
#                    比赛版本(赛后整理版本)\build\fire_demo\Release\Obj\vecto #
#                    rs.o" "C:\Users\xuxu\Desktop\9.13                        #
#                    比赛版本(赛后整理版本)\build\fire_demo\Release\Obj\wdog. #
#                    o" "C:\Users\xuxu\Desktop\9.13                           #
#                    比赛版本(赛后整理版本)\src\LIB\CMSIS\iar_cortexM4l_math. #
#                    a" -o "C:\Users\xuxu\Desktop\9.13                        #
#                    比赛版本(赛后整理版本)\build\fire_demo\Release\Exe\fire_ #
#                    gpio_demo.out" --map "C:\Users\xuxu\Desktop\9.13         #
#                    比赛版本(赛后整理版本)\build\fire_demo\Release\List\fire #
#                    _gpio_demo.map" --config "C:\Users\xuxu\Desktop\9.13     #
#                    比赛版本(赛后整理版本)\build\fire_demo\..\config         #
#                    files\fire_ROM_K60N512.icf" --semihosting --entry        #
#                    __iar_program_start --inline --vfe                       #
#                                                                             #
#                                                                             #
###############################################################################

*******************************************************************************
*** RUNTIME MODEL ATTRIBUTES
***

CppFlavor       = *
__SystemLibrary = DLib


*******************************************************************************
*** PLACEMENT SUMMARY
***

"A1":  place at 0x00000000 { ro section .intvec };
"A2":  place at 0x00000410 { ro section .noinit };
"P1":  place in [from 0x00000000 to 0x00040000] { ro, block CodeRelocate };
"P2":  place in [from 0x1fff0410 to 0x20010000] {
          rw, block CodeRelocateRam, block CSTACK, block HEAP };

  Section              Kind        Address    Size  Object
  -------              ----        -------    ----  ------
"A1":                                        0x410
  .intvec              const    0x00000000   0x410  vectors.o [1]
                              - 0x00000410   0x410

"A2":                                         0x3c
  .noinit              ro code  0x00000410    0x3c  crt0.o [1]
                              - 0x0000044c    0x3c

"P1":                                       0xbf34
  .data_init                    0x0000044c  0x3c8c  <Block>
    Initializer bytes  ro data  0x0000044c  0x3c8c  <for .data-1>
  .text                ro code  0x000040d8  0x130c  Process.o [1]
  .text                ro code  0x000053e4   0xb04  Startline_Ren_Block.o [1]
  .text                ro code  0x00005ee8   0x184  SmallS_Cross.o [1]
  .text                ro code  0x0000606c    0x32  I32ToFlt.o [4]
  .text                ro code  0x0000609e    0x22  zero_init3.o [5]
  .text                ro code  0x000060c0    0xd8  FltMul.o [4]
  .text                ro code  0x00006198    0x84  FltAdd.o [4]
  .text                ro code  0x0000621c    0x44  FltToS32.o [4]
  .text                ro code  0x00006260    0xfc  FltDiv.o [4]
  .text                ro code  0x0000635c   0x980  LCD.o [1]
  .text                ro code  0x00006cdc    0x4e  About_Image.o [1]
  .text                ro code  0x00006d2c    0x30  I32ToDbl.o [4]
  .text                ro code  0x00006d5c   0x1a2  DblMul.o [4]
  .text                ro code  0x00006f00    0x4c  DblToI32.o [4]
  .text                ro code  0x00006f4c   0x246  DblDiv.o [4]
  .text                ro code  0x00007194    0x2e  DblCmpGe.o [4]
  .text                ro code  0x000071c4    0xe6  FltSub.o [4]
  .text                ro code  0x000072ac    0x5c  gpio.o [1]
  .text                ro code  0x00007308    0x1c  delay.o [1]
  .text                ro code  0x00007324  0x1136  IIC.o [1]
  .text                ro code  0x0000845c    0x2e  DblCmpLe.o [4]
  .text                ro code  0x0000848c   0xb5c  SCCB.o [1]
  Veneer               ro code  0x00008fe8     0x8  - Linker created -
  Veneer               ro code  0x00008ff0     0x8  - Linker created -
  .text                ro code  0x00008ff8   0x858  Car_init.o [1]
  .text                ro code  0x00009850   0x2c0  uart.o [1]
  .text                ro code  0x00009b10    0x40  PIT.o [1]
  .text                ro code  0x00009b50   0x1e4  arm_cm4.o [1]
  .text                ro code  0x00009d34   0x24c  OV7725.o [1]
  .text                ro code  0x00009f80   0x1dc  FTM.o [1]
  .text                ro code  0x0000a15c    0x24  FltCmpLe.o [4]
  .text                ro code  0x0000a180   0x650  printf.o [1]
  .text                ro code  0x0000a7d0   0x21c  dma.o [1]
  .text                ro code  0x0000a9ec    0x4c  port.o [1]
  .text                ro code  0x0000aa38    0x34  lptmr.o [1]
  .text                ro code  0x0000aa6c    0x18  stdlib.o [1]
  .text                ro code  0x0000aa84    0x6c  assert.o [1]
  .text                ro code  0x0000aaf0    0xac  LED.o [1]
  .text                ro code  0x0000ab9c   0x81c  ISR_fun.o [1]
  .text                ro code  0x0000b3b8    0x90  DblToFlt.o [4]
  .text                ro code  0x0000b448    0x4e  FltToDbl.o [4]
  .text                ro code  0x0000b498    0xe8  DblAdd.o [4]
  .text                ro code  0x0000b580    0xfc  asin.o [4]
  .text                ro code  0x0000b67c    0x24  FltCmpGe.o [4]
  .text                ro code  0x0000b6a0   0x180  DblSub.o [4]
  .text                ro code  0x0000b820    0x24  FltToU32.o [4]
  .text                ro code  0x0000b844    0xf0  sqrt.o [4]
  .text                ro code  0x0000b934     0xc  errno.o [3]
  .text                ro code  0x0000b940   0x1f8  xatan.o [4]
  .text                ro code  0x0000bb38     0xc  iarEdom.o [5]
  .text                ro code  0x0000bb44     0x2  xtls.o [3]
  .text                ro code  0x0000bb48   0x30c  isr.o [1]
  Veneer               ro code  0x0000be54     0x8  - Linker created -
  .text                ro code  0x0000be5c   0x1c8  mcg.o [1]
  CodeRelocate                  0x0000c024    0xd4  <Block>
    Initializer bytes  ro data  0x0000c024    0xd4  <for CodeRelocateRam-1>
  .text                ro code  0x0000c0f8    0x88  startup.o [1]
  .text                ro code  0x0000c180    0x56  ABImemcpy.o [5]
  .text                ro code  0x0000c1d8    0x54  vectors.o [1]
  .text                ro code  0x0000c22c    0x48  sysinit.o [1]
  .text                ro code  0x0000c274    0x34  wdog.o [1]
  .text                ro code  0x0000c2a8    0x2c  main.o [1]
  .text                ro code  0x0000c2d4    0x2c  data_init3.o [5]
  .iar.init_table      const    0x0000c300    0x18  - Linker created -
  .text                ro code  0x0000c318    0x18  start.o [1]
  .text                ro code  0x0000c330    0x16  cmain.o [5]
  .text                ro code  0x0000c346     0x4  exit.o [3]
  .text                ro code  0x0000c34c     0xa  cexit.o [5]
  .text                ro code  0x0000c358    0x14  exit.o [6]
  .text                ro code  0x0000c36c     0xc  cstartup_M.o [5]
  .text                ro code  0x0000c378     0x8  io.o [1]
  .rodata              const    0x0000c380     0x0  bwt_init3c.o [5]
                              - 0x0000c380  0xbf34

"P2", part 1 of 3:                          0x3d60
  .data                         0x1fff0410  0x3c8c  <Block>
    .data-1                     0x1fff0410  0x3c8c  <Init block>
      .data            inited   0x1fff0410     0xc  FTM.o [1]
      .data            inited   0x1fff041c   0x800  LCD.o [1]
      .data            inited   0x1fff0c1c   0x36c  LCD.o [1]
      .data            inited   0x1fff0f88     0x1  OV7725.o [1]
      .data            inited   0x1fff0f8c    0x65  OV7725.o [1]
      .data            inited   0x1fff0ff4   0x3d4  Process.o [1]
      .data            inited   0x1fff13c8   0xd48  Process.o [1]
      .data            inited   0x1fff2110   0xca0  Process.o [1]
      .data            inited   0x1fff2db0  0x1260  Process.o [1]
      .data            inited   0x1fff4010    0x28  gpio.o [1]
      .data            inited   0x1fff4038     0x8  mcg.o [1]
      .data            inited   0x1fff4040    0x5c  uart.o [1]
  CodeRelocateRam               0x1fff409c    0xd4  <Block>
    CodeRelocateRam-1           0x1fff409c    0xd4  <Init block>
      .textrw          inited   0x1fff409c    0x98  flash.o [1]
      .textrw          inited   0x1fff4134    0x3c  mcg.o [1]
                              - 0x1fff4170  0x3d60

"P2", part 2 of 3:                          0x2a38
  .bss                          0x1fff4170  0x2a37  <Block>
    .bss               zero     0x1fff4170    0x1c  ISR_fun.o [1]
    .bss               zero     0x1fff418c     0x4  ISR_fun.o [1]
    .bss               zero     0x1fff4190    0x10  ISR_fun.o [1]
    .bss               zero     0x1fff41a0     0x8  ISR_fun.o [1]
    .bss               zero     0x1fff41a8  0x25a8  OV7725.o [1]
    .bss               zero     0x1fff6750    0x78  Process.o [1]
    .bss               zero     0x1fff67c8    0x78  Process.o [1]
    .bss               zero     0x1fff6840    0x78  Process.o [1]
    .bss               zero     0x1fff68b8    0x78  Process.o [1]
    .bss               zero     0x1fff6930    0x20  Process.o [1]
    .bss               zero     0x1fff6950    0x20  Process.o [1]
    .bss               zero     0x1fff6970     0x8  Startline_Ren_Block.o [1]
    .bss               zero     0x1fff6978   0x14c  Startline_Ren_Block.o [1]
    .bss               zero     0x1fff6ac4     0x4  Startline_Ren_Block.o [1]
    .bss               zero     0x1fff6ac8    0x28  main.o [1]
    .bss               zero     0x1fff6af0    0x40  main.o [1]
    .bss               zero     0x1fff6b30    0x18  main.o [1]
    .bss               zero     0x1fff6b48     0xc  main.o [1]
    .bss               zero     0x1fff6b54    0x24  main.o [1]
    .bss               zero     0x1fff6b78    0x14  main.o [1]
    .bss               zero     0x1fff6b8c     0x4  main.o [1]
    .bss               zero     0x1fff6b90     0xc  sysinit.o [1]
    .bss               zero     0x1fff6b9c     0x2  isr.o [1]
    .bss               zero     0x1fff6b9e     0x1  Car_init.o [1]
    .bss               zero     0x1fff6b9f     0x1  SD_SendDriver.o [1]
    .bss               zero     0x1fff6ba0     0x1  SmallS_Cross.o [1]
    .bss               zero     0x1fff6ba1     0x1  SmallS_Cross.o [1]
    .bss               zero     0x1fff6ba2     0x1  Startline_Ren_Block.o [1]
    .bss               zero     0x1fff6ba3     0x3  Startline_Ren_Block.o [1]
    .bss               zero     0x1fff6ba6     0x1  isr.o [1]
                              - 0x1fff6ba7  0x2a37

"P2", part 3 of 3:                             0x4
  __DLIB_PERTHREAD     zero     0x1fff6ba8     0x4  errno.o [3]
                              - 0x1fff6bac     0x4


*******************************************************************************
*** INIT TABLE
***

          Address     Size
          -------     ----
Zero (__iar_zero_init3)
    2 destination ranges, total size 0x2a3b:
          0x1fff4170  0x2a37
          0x1fff6ba8     0x4



*******************************************************************************
*** MODULE SUMMARY
***

    Module                 ro code  rw code  ro data  rw data
    ------                 -------  -------  -------  -------
C:\Users\xuxu\Desktop\9.13 比赛版本(赛后整理版本)\build\fire_demo\Release\Obj: [1]
    About_Image.o               78
    Car_init.o               2 136                          1
    FTM.o                      476                12       12
    IIC.o                    4 406
    ISR_fun.o                2 076                         56
    LCD.o                    2 432             2 924    2 924
    LED.o                      172
    OV7725.o                   588               105    9 742
    PIT.o                       64
    Process.o                4 876            12 319   12 860
    SCCB.o                   2 908
    SD_SendDriver.o                                         1
    SmallS_Cross.o             388                          2
    Startline_Ren_Block.o    2 820                        348
    arm_cm4.o                  484
    assert.o                   108
    crt0.o                      60
    delay.o                     28
    dma.o                      540
    flash.o                             152      152
    gpio.o                      92                40       40
    io.o                         8
    isr.o                      780                          3
    lptmr.o                     52
    main.o                      44                        200
    mcg.o                      456       60       68        8
    port.o                      76
    printf.o                 1 616
    start.o                     24
    startup.o                  136
    stdlib.o                    24
    sysinit.o                   72                         12
    uart.o                     704                92       92
    vectors.o                   84             1 040
    wdog.o                      52
    ---------------------------------------------------------
    Total:                  28 860      212   16 752   26 301

command line: [2]
    ---------------------------------------------------------
    Total:

dl7M_tln.a: [3]
    errno.o                     12                          4
    exit.o                       4
    xtls.o                       2
    ---------------------------------------------------------
    Total:                      18                          4

m7M_tl.a: [4]
    DblAdd.o                   232
    DblCmpGe.o                  46
    DblCmpLe.o                  46
    DblDiv.o                   582
    DblMul.o                   418
    DblSub.o                   384
    DblToFlt.o                 144
    DblToI32.o                  76
    FltAdd.o                   132
    FltCmpGe.o                  36
    FltCmpLe.o                  36
    FltDiv.o                   252
    FltMul.o                   216
    FltSub.o                   230
    FltToDbl.o                  78
    FltToS32.o                  68
    FltToU32.o                  36
    I32ToDbl.o                  48
    I32ToFlt.o                  50
    asin.o                     252
    sqrt.o                     240
    xatan.o                    504
    ---------------------------------------------------------
    Total:                   4 106

rt7M_tl.a: [5]
    ABImemcpy.o                 86
    bwt_init3c.o
    cexit.o                     10
    cmain.o                     22
    cstartup_M.o                12
    data_init3.o                44
    iarEdom.o                   12
    zero_init3.o                34
    ---------------------------------------------------------
    Total:                     220

shb_l.a: [6]
    exit.o                      20
    ---------------------------------------------------------
    Total:                      20

    Gaps                        24                          6
    Linker created              24                24
-------------------------------------------------------------
    Grand Total:            33 272      212   16 776   26 311


*******************************************************************************
*** ENTRY LIST
***

Entry                      Address    Size  Type      Object
-----                      -------    ----  ----      ------
.bss$$Base              0x1fff4170           --   Gb  - Linker created -
.bss$$Limit             0x1fff6ba7           --   Gb  - Linker created -
.data$$Base             0x1fff0410           --   Gb  - Linker created -
.data$$Limit            0x1fff409c           --   Gb  - Linker created -
.data_init$$Base        0x0000044c           --   Gb  - Linker created -
.data_init$$Limit       0x000040d8           --   Gb  - Linker created -
?main                   0x0000c331          Code  Gb  cmain.o [5]
ASSERT_FAILED_STR       0x0000aaa4    0x4c  Data  Gb  assert.o [1]
Angle                   0x1fff6ac8    0x28  Data  Gb  main.o [1]
Angle_control           0x0000ad2d    0xdc  Code  Gb  ISR_fun.o [1]
Block                   0x1fff6b78    0x14  Data  Gb  main.o [1]
Block_judge             0x00005a97   0x1e8  Code  Gb  Startline_Ren_Block.o [1]
CodeRelocate$$Base      0x0000c024           --   Gb  - Linker created -
CodeRelocate$$Limit     0x0000c0f8           --   Gb  - Linker created -
CodeRelocateRam$$Base   0x1fff409c           --   Gb  - Linker created -
CodeRelocateRam$$Limit  0x1fff4170           --   Gb  - Linker created -
Cross_flag              0x1fff6ba0     0x1  Data  Gb  SmallS_Cross.o [1]
Cross_judge             0x00005fbd    0x70  Code  Gb  SmallS_Cross.o [1]
DMA0_IRQHandler         0x0000bba9    0x1a  Code  Gb  isr.o [1]
DMA_PORTx2BUFF_Init     0x0000a7d1   0x1a6  Code  Gb  dma.o [1]
Decoder_init            0x00009625    0xf8  Code  Gb  Car_init.o [1]
Direction               0x1fff6b30    0x18  Data  Gb  main.o [1]
Direction_control       0x0000af5d    0x7c  Code  Gb  ISR_fun.o [1]
Direction_control_with_Ren
                        0x0000afd9    0xc2  Code  Gb  ISR_fun.o [1]
Disp_single_colour      0x000069ed    0x5e  Code  Gb  LCD.o [1]
Draw_single_line        0x00006a4b    0xc4  Code  Gb  LCD.o [1]
FTM0_IRQHandler         0x0000be17     0x2  Code  Gb  isr.o [1]
FTM1_IRQHandler         0x0000be19     0x2  Code  Gb  isr.o [1]
FTM_PWM_Duty            0x0000a12b    0x1c  Code  Gb  FTM.o [1]
FTM_PWM_init            0x00009f81   0x1aa  Code  Gb  FTM.o [1]
FTMx                    0x1fff0410     0xc  Data  Gb  FTM.o [1]
Font8x16                0x1fff041c   0x800  Data  Gb  LCD.o [1]
GPIOx                   0x1fff4010    0x14  Data  Gb  gpio.o [1]
Get_Gyro                0x0000831d   0x13e  Code  Gb  IIC.o [1]
Get_mma8451_once        0x000081a5    0xbe  Code  Gb  IIC.o [1]
H                       0x1fff0ffc     0x4  Data  Gb  Process.o [1]
HardFault_Handler       0x0000be07     0xe  Code  Gb  isr.o [1]
His_Left_flag           0x1fff6930    0x20  Data  Gb  Process.o [1]
His_Right_flag          0x1fff6950    0x20  Data  Gb  Process.o [1]
His_black_L             0x1fff67c8    0x78  Data  Gb  Process.o [1]
His_black_R             0x1fff6840    0x78  Data  Gb  Process.o [1]
His_centre              0x1fff6750    0x78  Data  Gb  Process.o [1]
His_halfwidth           0x1fff68b8    0x78  Data  Gb  Process.o [1]
IIC_start               0x00007325    0xf6  Code  Gb  IIC.o [1]
IIC_stop                0x0000741d   0x10a  Code  Gb  IIC.o [1]
Image_fire              0x1fff41a8  0x25a8  Data  Gb  OV7725.o [1]
Init_L3G4200D           0x00008279    0xa4  Code  Gb  IIC.o [1]
Judge_Ren               0x000056b1   0x3e6  Code  Gb  Startline_Ren_Block.o [1]
Judge_startline_by_camera
                        0x000053e5   0x2ca  Code  Gb  Startline_Ren_Block.o [1]
LCD_PORT_init           0x0000635d    0x46  Code  Gb  LCD.o [1]
LCD_PutChar8x16         0x00006861    0xb2  Code  Gb  LCD.o [1]
LCD_PutString           0x00006819    0x46  Code  Gb  LCD.o [1]
LCD_Put_Int             0x00006b11   0x1bc  Code  Gb  LCD.o [1]
LCD_SetPos              0x000067bf    0x5a  Code  Gb  LCD.o [1]
LCD_init                0x000063a3   0x22c  Code  Gb  LCD.o [1]
LED_init                0x0000aaf1    0x3a  Code  Gb  LED.o [1]
MMA845x_init            0x000077b9   0x9e8  Code  Gb  IIC.o [1]
Measure_Acc             0x0000ac43    0xea  Code  Gb  ISR_fun.o [1]
Measure_speed           0x0000ab9d    0xa6  Code  Gb  ISR_fun.o [1]
Motor_Control           0x0000b09b   0x276  Code  Gb  ISR_fun.o [1]
Multiple_line_enable    0x1fff0ff4     0x1  Data  Gb  Process.o [1]
OutData                 0x1fff4088    0x10  Data  Gb  uart.o [1]
Ov7725_Init             0x00009dfd    0x16  Code  Gb  OV7725.o [1]
Ov7725_exti_Init        0x00009d35    0x9e  Code  Gb  OV7725.o [1]
Ov7725_reg_Init         0x00009e13    0xb0  Code  Gb  OV7725.o [1]
PIT0_IRQHandler         0x0000bbc3   0x10c  Code  Gb  isr.o [1]
PORTX                   0x1fff4024    0x14  Data  Gb  gpio.o [1]
Parameters_init_CAR     0x000091bb   0x3b2  Code  Gb  Car_init.o [1]
PendSV_Handler          0x0000be15     0x2  Code  Gb  isr.o [1]
Process_Image           0x000040d9   0xc2a  Code  Gb  Process.o [1]
PutGB1616               0x00006915    0xd8  Code  Gb  LCD.o [1]
Pwm_Port_init           0x000095d7    0x4e  Code  Gb  Car_init.o [1]
Region$$Table$$Base     0x0000c300           --   Gb  - Linker created -
Region$$Table$$Limit    0x0000c318           --   Gb  - Linker created -
Ren                     0x1fff6b54    0x24  Data  Gb  main.o [1]
Reset_Handler           0x00000411          Code  Gb  crt0.o [1]
SCCB_GPIO_init          0x0000848d    0x22  Code  Gb  SCCB.o [1]
SCCB_ReadByte           0x000088e1   0x702  Code  Gb  SCCB.o [1]
SCCB_WriteByte          0x000084b1   0x42e  Code  Gb  SCCB.o [1]
SCISendFloat            0x000099b9   0x130  Code  Gb  uart.o [1]
SD_enable               0x1fff6b9f     0x1  Data  Gb  SD_SendDriver.o [1]
Send_Image_to_LCD       0x00006cdd    0x4e  Code  Gb  About_Image.o [1]
Single_Read             0x00007785    0x34  Code  Gb  IIC.o [1]
Slope_Check             0x00005e11    0x78  Code  Gb  Startline_Ren_Block.o [1]
Slope_Check_enable      0x1fff6ba2     0x1  Data  Gb  Startline_Ren_Block.o [1]
Slope_delaytime         0x1fff6ac4     0x4  Data  Gb  Startline_Ren_Block.o [1]
Slope_flag              0x1fff6970     0x1  Data  Gb  Startline_Ren_Block.o [1]
Slope_time              0x1fff6974     0x4  Data  Gb  Startline_Ren_Block.o [1]
Speed                   0x1fff6af0    0x40  Data  Gb  main.o [1]
Speed_control           0x0000ae09   0x154  Code  Gb  ISR_fun.o [1]
StartLine               0x1fff6b48     0xc  Data  Gb  main.o [1]
Store_History           0x00005ee9    0xd4  Code  Gb  SmallS_Cross.o [1]
Switch_init             0x0000956d    0x6a  Code  Gb  Car_init.o [1]
SysTick_Handler         0x0000be05     0x2  Code  Gb  isr.o [1]
System_Init             0x00008ff9   0x1c2  Code  Gb  Car_init.o [1]
Time_1ms                0x1fff6b8c     0x4  Data  Gb  main.o [1]
UARTx                   0x1fff4070    0x18  Data  Gb  uart.o [1]
USART3_IRQHandler       0x0000bccf    0xcc  Code  Gb  isr.o [1]
VSYNC_IRQ               0x0000bb49    0x60  Code  Gb  isr.o [1]
__BOOT_STACK_ADDRESS {Abs}
                        0x2000fff8           --   Gb  command line/config [2]
__VECTOR_RAM {Abs}      0x1fff0000           --   Gb  command line/config [2]
__VECTOR_TABLE {Abs}    0x00000000           --   Gb  command line/config [2]
__aeabi_cdcmple         0x0000845d          Code  Gb  DblCmpLe.o [4]
__aeabi_cdrcmple        0x00007195          Code  Gb  DblCmpGe.o [4]
__aeabi_cfcmple         0x0000a15d          Code  Gb  FltCmpLe.o [4]
__aeabi_cfrcmple        0x0000b67d          Code  Gb  FltCmpGe.o [4]
__aeabi_d2f             0x0000b3b9          Code  Gb  DblToFlt.o [4]
__aeabi_d2iz            0x00006f01          Code  Gb  DblToI32.o [4]
__aeabi_dadd            0x0000b499          Code  Gb  DblAdd.o [4]
__aeabi_ddiv            0x00006f4d          Code  Gb  DblDiv.o [4]
__aeabi_dmul            0x00006d5d          Code  Gb  DblMul.o [4]
__aeabi_dsub            0x0000b6a1          Code  Gb  DblSub.o [4]
__aeabi_errno_addr      0x0000b935     0x6  Code  Gb  errno.o [3]
__aeabi_f2d             0x0000b449          Code  Gb  FltToDbl.o [4]
__aeabi_f2iz            0x0000621d          Code  Gb  FltToS32.o [4]
__aeabi_f2uiz           0x0000b821          Code  Gb  FltToU32.o [4]
__aeabi_fadd            0x00006199          Code  Gb  FltAdd.o [4]
__aeabi_fdiv            0x00006261          Code  Gb  FltDiv.o [4]
__aeabi_fmul            0x000060c1          Code  Gb  FltMul.o [4]
__aeabi_fsub            0x000071c5          Code  Gb  FltSub.o [4]
__aeabi_i2d             0x00006d2d          Code  Gb  I32ToDbl.o [4]
__aeabi_i2f             0x0000606d          Code  Gb  I32ToFlt.o [4]
__aeabi_memcpy4         0x0000c181          Code  Gb  ABImemcpy.o [5]
__aeabi_memcpy8         0x0000c181          Code  Gb  ABImemcpy.o [5]
__aeabi_ui2d            0x00006d41          Code  Gb  I32ToDbl.o [4]
__aeabi_ui2f            0x00006081          Code  Gb  I32ToFlt.o [4]
__cmain                 0x0000c331          Code  Gb  cmain.o [5]
__code_start__ {Abs}    0x00000410           --   Gb  command line/config [2]
__exit                  0x0000c359    0x14  Code  Gb  exit.o [6]
__iar_Atan              0x0000b941   0x15e  Code  Gb  xatan.o [4]
__iar_Errno             0x1fff6ba8     0x4  Data  Gb  errno.o [3]
__iar_SB                0x0000c380          Data  Gb  bwt_init3c.o [5]
__iar_d2uiz             0x00006f2d          Code  Gb  DblToI32.o [4]
__iar_dadd              0x0000b4ad          Code  Gb  DblAdd.o [4]
__iar_data_init3        0x0000c2d5    0x2c  Code  Gb  data_init3.o [5]
__iar_dlib_perthread_access
                        0x0000bb45     0x2  Code  Gb  xtls.o [3]
__iar_dsub              0x0000b6b5          Code  Gb  DblSub.o [4]
__iar_dsubStart         0x0000b6c7          Code  Gb  DblSub.o [4]
__iar_edom              0x0000bb39          Code  Gb  iarEdom.o [5]
__iar_fadd              0x000061a9          Code  Gb  FltAdd.o [4]
__iar_fsub              0x000071d5          Code  Gb  FltSub.o [4]
__iar_fsubStart         0x000071e5          Code  Gb  FltSub.o [4]
__iar_program_start     0x0000c36d          Code  Gb  cstartup_M.o [5]
__iar_sqrt              0x0000b845          Code  Gb  sqrt.o [4]
__iar_ui2d              0x00006d45          Code  Gb  I32ToDbl.o [4]
__iar_ui2f              0x00006085          Code  Gb  I32ToFlt.o [4]
__iar_zero_init3        0x0000609f    0x22  Code  Gb  zero_init3.o [5]
__vector_table          0x00000000   0x410  Data  Gb  vectors.o [1]
_call_main              0x0000c33d          Code  Gb  cmain.o [5]
_exit                   0x0000c34d          Code  Gb  cexit.o [5]
_halfwidth_max          0x1fff29e0   0x3c0  Data  Gb  Process.o [1]
_halfwidth_min          0x1fff2620   0x3c0  Data  Gb  Process.o [1]
_main                   0x0000c343          Code  Gb  cmain.o [5]
a                       0x0000baf8    0x40  Data  Lc  xatan.o [4]
asin                    0x0000b581    0xe8  Code  Gb  asin.o [4]
assert_failed           0x0000aa85    0x1e  Code  Gb  assert.o [1]
black_L                 0x1fff1790   0x3c8  Data  Gb  Process.o [1]
black_L_oth             0x1fff32c0   0x3c8  Data  Gb  Process.o [1]
black_R                 0x1fff1b58   0x3c8  Data  Gb  Process.o [1]
black_R_oth             0x1fff3688   0x3c8  Data  Gb  Process.o [1]
black_centre            0x1fff0ff8     0x4  Data  Gb  Process.o [1]
bus_clk_khz             0x1fff6b98     0x4  Data  Gb  sysinit.o [1]
centre                  0x1fff13c8   0x3c8  Data  Gb  Process.o [1]
centre_oth              0x1fff2ef8   0x3c8  Data  Gb  Process.o [1]
centre_ratio            0x1fff1008   0x3c0  Data  Gb  Process.o [1]
centre_ratio_step       0x1fff1000     0x4  Data  Gb  Process.o [1]
cfgnum                  0x1fff0ff0     0x1  Data  Gb  OV7725.o [1]
codeGB_16               0x1fff0c1c   0x36c  Data  Gb  LCD.o [1]
common_startup          0x0000c0f9    0x88  Code  Gb  startup.o [1]
core_clk_khz            0x1fff6b90     0x4  Data  Gb  sysinit.o [1]
core_clk_mhz            0x1fff6b94     0x4  Data  Gb  sysinit.o [1]
default_isr             0x0000c1d9    0x1e  Code  Gb  vectors.o [1]
delayms                 0x00007309    0x16  Code  Gb  delay.o [1]
disable_irq             0x00009bb5    0x52  Code  Gb  arm_cm4.o [1]
enable_irq              0x00009b57    0x5e  Code  Gb  arm_cm4.o [1]
exit                    0x0000c347     0x4  Code  Gb  exit.o [3]
far_hang                0x1fff210c     0x4  Data  Gb  Process.o [1]
find_valid_farthest     0x000051b5   0x1ee  Code  Gb  Process.o [1]
flash_erase_sector      0x1fff40c1    0x6c  Code  Gb  flash.o [1]
flash_init              0x1fff409d    0x24  Code  Gb  flash.o [1]
getLeft_flag            0x1fff1f20    0xf4  Data  Gb  Process.o [1]
getLeft_flag_oth        0x1fff3e18    0xf4  Data  Gb  Process.o [1]
getRight_flag           0x1fff2014    0xf4  Data  Gb  Process.o [1]
getRight_flag_oth       0x1fff3f0c    0xf4  Data  Gb  Process.o [1]
get_black_line          0x00004f51   0x262  Code  Gb  Process.o [1]
get_black_line_correct  0x00005c7f   0x192  Code  Gb  Startline_Ren_Block.o [1]
get_black_line_oth      0x00004d11   0x234  Code  Gb  Process.o [1]
gpio_init               0x000072ad    0x56  Code  Gb  gpio.o [1]
halfwidth               0x1fff2110   0x3c8  Data  Gb  Process.o [1]
halfwidth_oth           0x1fff3a50   0x3c8  Data  Gb  Process.o [1]
img_flag                0x1fff0f88     0x1  Data  Gb  OV7725.o [1]
main                    0x0000c2a9    0x2c  Code  Gb  main.o [1]
mcg_div                 0x1fff4038     0x8  Data  Gb  mcg.o [1]
near_hang               0x1fff2108     0x4  Data  Gb  Process.o [1]
out_char                0x0000c379     0x8  Code  Gb  io.o [1]
ov7725_get_img          0x00009dd3    0x2a  Code  Gb  OV7725.o [1]
ov7727_reg              0x1fff0f8c    0x64  Data  Gb  OV7725.o [1]
pit_init                0x00009b11    0x32  Code  Gb  PIT.o [1]
pll_init                0x0000be5d   0x1c8  Code  Gb  mcg.o [1]
port_init               0x0000a9ed    0x4c  Code  Gb  port.o [1]
printf                  0x0000a7af    0x1e  Code  Gb  printf.o [1]
printk                  0x0000a1e9   0x5c6  Code  Gb  printf.o [1]
printk_mknumstr         0x0000a181    0x66  Code  Lc  printf.o [1]
read_byte               0x000076a9    0xdc  Code  Gb  IIC.o [1]
send_byte               0x00007529   0x180  Code  Gb  IIC.o [1]
set_irq_priority        0x00009c07    0x2a  Code  Gb  arm_cm4.o [1]
set_sys_dividers        0x1fff4135    0x3c  Code  Gb  mcg.o [1]
smallS_flag             0x1fff6ba1     0x1  Data  Gb  SmallS_Cross.o [1]
sqrt                    0x0000b845          Code  Gb  sqrt.o [4]
sqrtl                   0x0000b845          Code  Gb  sqrt.o [4]
start                   0x0000c319    0x16  Code  Gb  start.o [1]
strlen                  0x0000aa6d    0x16  Code  Gb  stdlib.o [1]
sysinit                 0x0000c22d    0x40  Code  Gb  sysinit.o [1]
time_delay_ms           0x0000aa39    0x2a  Code  Gb  lptmr.o [1]
uart_getchar            0x00009965    0x1c  Code  Gb  uart.o [1]
uart_init               0x00009851   0x112  Code  Gb  uart.o [1]
uart_irq_DIS            0x0000999d    0x1a  Code  Gb  uart.o [1]
uart_putchar            0x00009981    0x1c  Code  Gb  uart.o [1]
valid_farthest          0x1fff1004     0x4  Data  Gb  Process.o [1]
water_lights            0x0000ab2b    0x6c  Code  Gb  LED.o [1]
wdog_disable            0x0000c275    0x18  Code  Gb  wdog.o [1]
wdog_unlock             0x0000c28d    0x14  Code  Gb  wdog.o [1]
write_command           0x000065cf    0xee  Code  Gb  LCD.o [1]
write_data              0x000066bd    0xee  Code  Gb  LCD.o [1]
write_vtor              0x00009b51     0x6  Code  Gb  arm_cm4.o [1]
write_word              0x000067ab    0x14  Code  Gb  LCD.o [1]


[1] = C:\Users\xuxu\Desktop\9.13 比赛版本(赛后整理版本)\build\fire_demo\Release\Obj
[2] = command line
[3] = dl7M_tln.a
[4] = m7M_tl.a
[5] = rt7M_tl.a
[6] = shb_l.a

  33 272 bytes of readonly  code memory
     212 bytes of readwrite code memory
  16 776 bytes of readonly  data memory
  26 311 bytes of readwrite data memory

Errors: none
Warnings: none
