###############################################################################
#                                                                             #
# IAR ELF Linker V6.30.1.53127/W32 for ARM              21/Aug/2014  23:13:38 #
# Copyright 2007-2011 IAR Systems AB.                                         #
#                                                                             #
#    Output file  =  C:\Users\xuxu\Desktop\9.12 比赛版本\build\fire_demo\Debu #
#                    g\Exe\fire_gpio_demo.out                                 #
#    Map file     =  C:\Users\xuxu\Desktop\9.12 比赛版本\build\fire_demo\Debu #
#                    g\List\fire_gpio_demo.map                                #
#    Command line =  "C:\Users\xuxu\Desktop\9.12                              #
#                    比赛版本\build\fire_demo\Debug\Obj\AT24C02.o"            #
#                    "C:\Users\xuxu\Desktop\9.12                              #
#                    比赛版本\build\fire_demo\Debug\Obj\About_Image.o"        #
#                    "C:\Users\xuxu\Desktop\9.12                              #
#                    比赛版本\build\fire_demo\Debug\Obj\BSP.o"                #
#                    "C:\Users\xuxu\Desktop\9.12                              #
#                    比赛版本\build\fire_demo\Debug\Obj\Car_init.o"           #
#                    "C:\Users\xuxu\Desktop\9.12                              #
#                    比赛版本\build\fire_demo\Debug\Obj\FTM.o"                #
#                    "C:\Users\xuxu\Desktop\9.12                              #
#                    比赛版本\build\fire_demo\Debug\Obj\IIC.o"                #
#                    "C:\Users\xuxu\Desktop\9.12                              #
#                    比赛版本\build\fire_demo\Debug\Obj\ISR_fun.o"            #
#                    "C:\Users\xuxu\Desktop\9.12                              #
#                    比赛版本\build\fire_demo\Debug\Obj\LCD.o"                #
#                    "C:\Users\xuxu\Desktop\9.12                              #
#                    比赛版本\build\fire_demo\Debug\Obj\LED.o"                #
#                    "C:\Users\xuxu\Desktop\9.12                              #
#                    比赛版本\build\fire_demo\Debug\Obj\OV7725.o"             #
#                    "C:\Users\xuxu\Desktop\9.12                              #
#                    比赛版本\build\fire_demo\Debug\Obj\PIT.o"                #
#                    "C:\Users\xuxu\Desktop\9.12                              #
#                    比赛版本\build\fire_demo\Debug\Obj\Process.o"            #
#                    "C:\Users\xuxu\Desktop\9.12                              #
#                    比赛版本\build\fire_demo\Debug\Obj\SCCB.o"               #
#                    "C:\Users\xuxu\Desktop\9.12                              #
#                    比赛版本\build\fire_demo\Debug\Obj\SD_SendDriver.o"      #
#                    "C:\Users\xuxu\Desktop\9.12                              #
#                    比赛版本\build\fire_demo\Debug\Obj\SmallS_Cross.o"       #
#                    "C:\Users\xuxu\Desktop\9.12                              #
#                    比赛版本\build\fire_demo\Debug\Obj\Startline_Ren_Block.o #
#                    " "C:\Users\xuxu\Desktop\9.12                            #
#                    比赛版本\build\fire_demo\Debug\Obj\adc.o"                #
#                    "C:\Users\xuxu\Desktop\9.12                              #
#                    比赛版本\build\fire_demo\Debug\Obj\alloc.o"              #
#                    "C:\Users\xuxu\Desktop\9.12                              #
#                    比赛版本\build\fire_demo\Debug\Obj\app.o"                #
#                    "C:\Users\xuxu\Desktop\9.12                              #
#                    比赛版本\build\fire_demo\Debug\Obj\app_hooks.o"          #
#                    "C:\Users\xuxu\Desktop\9.12                              #
#                    比赛版本\build\fire_demo\Debug\Obj\arm_cm4.o"            #
#                    "C:\Users\xuxu\Desktop\9.12                              #
#                    比赛版本\build\fire_demo\Debug\Obj\assert.o"             #
#                    "C:\Users\xuxu\Desktop\9.12                              #
#                    比赛版本\build\fire_demo\Debug\Obj\crt0.o"               #
#                    "C:\Users\xuxu\Desktop\9.12                              #
#                    比赛版本\build\fire_demo\Debug\Obj\delay.o"              #
#                    "C:\Users\xuxu\Desktop\9.12                              #
#                    比赛版本\build\fire_demo\Debug\Obj\diskio.o"             #
#                    "C:\Users\xuxu\Desktop\9.12                              #
#                    比赛版本\build\fire_demo\Debug\Obj\dma.o"                #
#                    "C:\Users\xuxu\Desktop\9.12                              #
#                    比赛版本\build\fire_demo\Debug\Obj\exti.o"               #
#                    "C:\Users\xuxu\Desktop\9.12                              #
#                    比赛版本\build\fire_demo\Debug\Obj\ff.o"                 #
#                    "C:\Users\xuxu\Desktop\9.12                              #
#                    比赛版本\build\fire_demo\Debug\Obj\flash.o"              #
#                    "C:\Users\xuxu\Desktop\9.12                              #
#                    比赛版本\build\fire_demo\Debug\Obj\gpio.o"               #
#                    "C:\Users\xuxu\Desktop\9.12                              #
#                    比赛版本\build\fire_demo\Debug\Obj\i2c.o"                #
#                    "C:\Users\xuxu\Desktop\9.12                              #
#                    比赛版本\build\fire_demo\Debug\Obj\io.o"                 #
#                    "C:\Users\xuxu\Desktop\9.12                              #
#                    比赛版本\build\fire_demo\Debug\Obj\isr.o"                #
#                    "C:\Users\xuxu\Desktop\9.12                              #
#                    比赛版本\build\fire_demo\Debug\Obj\lptmr.o"              #
#                    "C:\Users\xuxu\Desktop\9.12                              #
#                    比赛版本\build\fire_demo\Debug\Obj\main.o"               #
#                    "C:\Users\xuxu\Desktop\9.12                              #
#                    比赛版本\build\fire_demo\Debug\Obj\mcg.o"                #
#                    "C:\Users\xuxu\Desktop\9.12                              #
#                    比赛版本\build\fire_demo\Debug\Obj\memtest.o"            #
#                    "C:\Users\xuxu\Desktop\9.12                              #
#                    比赛版本\build\fire_demo\Debug\Obj\os_core.o"            #
#                    "C:\Users\xuxu\Desktop\9.12                              #
#                    比赛版本\build\fire_demo\Debug\Obj\os_cpu_a.o"           #
#                    "C:\Users\xuxu\Desktop\9.12                              #
#                    比赛版本\build\fire_demo\Debug\Obj\os_cpu_c.o"           #
#                    "C:\Users\xuxu\Desktop\9.12                              #
#                    比赛版本\build\fire_demo\Debug\Obj\os_dbg.o"             #
#                    "C:\Users\xuxu\Desktop\9.12                              #
#                    比赛版本\build\fire_demo\Debug\Obj\os_flag.o"            #
#                    "C:\Users\xuxu\Desktop\9.12                              #
#                    比赛版本\build\fire_demo\Debug\Obj\os_mbox.o"            #
#                    "C:\Users\xuxu\Desktop\9.12                              #
#                    比赛版本\build\fire_demo\Debug\Obj\os_mem.o"             #
#                    "C:\Users\xuxu\Desktop\9.12                              #
#                    比赛版本\build\fire_demo\Debug\Obj\os_mutex.o"           #
#                    "C:\Users\xuxu\Desktop\9.12                              #
#                    比赛版本\build\fire_demo\Debug\Obj\os_q.o"               #
#                    "C:\Users\xuxu\Desktop\9.12                              #
#                    比赛版本\build\fire_demo\Debug\Obj\os_sem.o"             #
#                    "C:\Users\xuxu\Desktop\9.12                              #
#                    比赛版本\build\fire_demo\Debug\Obj\os_task.o"            #
#                    "C:\Users\xuxu\Desktop\9.12                              #
#                    比赛版本\build\fire_demo\Debug\Obj\os_time.o"            #
#                    "C:\Users\xuxu\Desktop\9.12                              #
#                    比赛版本\build\fire_demo\Debug\Obj\os_tmr.o"             #
#                    "C:\Users\xuxu\Desktop\9.12                              #
#                    比赛版本\build\fire_demo\Debug\Obj\port.o"               #
#                    "C:\Users\xuxu\Desktop\9.12                              #
#                    比赛版本\build\fire_demo\Debug\Obj\printf.o"             #
#                    "C:\Users\xuxu\Desktop\9.12                              #
#                    比赛版本\build\fire_demo\Debug\Obj\queue.o"              #
#                    "C:\Users\xuxu\Desktop\9.12                              #
#                    比赛版本\build\fire_demo\Debug\Obj\sdhc.o"               #
#                    "C:\Users\xuxu\Desktop\9.12                              #
#                    比赛版本\build\fire_demo\Debug\Obj\start.o"              #
#                    "C:\Users\xuxu\Desktop\9.12                              #
#                    比赛版本\build\fire_demo\Debug\Obj\startup.o"            #
#                    "C:\Users\xuxu\Desktop\9.12                              #
#                    比赛版本\build\fire_demo\Debug\Obj\stdlib.o"             #
#                    "C:\Users\xuxu\Desktop\9.12                              #
#                    比赛版本\build\fire_demo\Debug\Obj\sysinit.o"            #
#                    "C:\Users\xuxu\Desktop\9.12                              #
#                    比赛版本\build\fire_demo\Debug\Obj\uart.o"               #
#                    "C:\Users\xuxu\Desktop\9.12                              #
#                    比赛版本\build\fire_demo\Debug\Obj\uif.o"                #
#                    "C:\Users\xuxu\Desktop\9.12                              #
#                    比赛版本\build\fire_demo\Debug\Obj\vectors.o"            #
#                    "C:\Users\xuxu\Desktop\9.12                              #
#                    比赛版本\build\fire_demo\Debug\Obj\wdog.o"               #
#                    "C:\Users\xuxu\Desktop\9.12                              #
#                    比赛版本\src\LIB\CMSIS\iar_cortexM4l_math.a" -o          #
#                    "C:\Users\xuxu\Desktop\9.12                              #
#                    比赛版本\build\fire_demo\Debug\Exe\fire_gpio_demo.out"   #
#                    --map "C:\Users\xuxu\Desktop\9.12                        #
#                    比赛版本\build\fire_demo\Debug\List\fire_gpio_demo.map"  #
#                    --config "C:\Users\xuxu\Desktop\9.12                     #
#                    比赛版本\build\fire_demo\..\config                       #
#                    files\fire_ROM_K60N512.icf" --semihosting --entry        #
#                    __iar_program_start --vfe                                #
#                                                                             #
#                                                                             #
###############################################################################

*******************************************************************************
*** RUNTIME MODEL ATTRIBUTES
***

CppFlavor       = *
__SystemLibrary = DLib


*******************************************************************************
*** PLACEMENT SUMMARY
***

"A1":  place at 0x00000000 { ro section .intvec };
"A2":  place at 0x00000410 { ro section .noinit };
"P1":  place in [from 0x00000000 to 0x00040000] { ro, block CodeRelocate };
"P2":  place in [from 0x1fff0410 to 0x20010000] {
          rw, block CodeRelocateRam, block CSTACK, block HEAP };

  Section              Kind        Address    Size  Object
  -------              ----        -------    ----  ------
"A1":                                        0x410
  .intvec              const    0x00000000   0x410  vectors.o [1]
                              - 0x00000410   0x410

"A2":                                         0x3c
  .noinit              ro code  0x00000410    0x3c  crt0.o [1]
                              - 0x0000044c    0x3c

"P1":                                       0xe040
  .text                ro code  0x0000044c  0x17d8  ff.o [1]
  .text                ro code  0x00001c24   0x6c0  diskio.o [1]
  .text                ro code  0x000022e4   0xadc  sdhc.o [1]
  .text                ro code  0x00002dc0    0x48  lptmr.o [1]
  .data_init                    0x00002e08  0x17a4  <Block>
    Initializer bytes  ro data  0x00002e08  0x17a4  <for .data-1>
  .text                ro code  0x000045ac  0x150c  Process.o [1]
  .text                ro code  0x00005ab8  0x1094  Startline_Ren_Block.o [1]
  .text                ro code  0x00006b4c   0x150  SmallS_Cross.o [1]
  .text                ro code  0x00006c9c    0x2e  I32ToFlt.o [4]
  .text                ro code  0x00006cca    0x22  zero_init3.o [5]
  .text                ro code  0x00006cec    0xd8  FltMul.o [4]
  .text                ro code  0x00006dc4    0x84  FltAdd.o [4]
  .text                ro code  0x00006e48    0x44  FltToS32.o [4]
  .text                ro code  0x00006e8c    0xfc  FltDiv.o [4]
  Veneer               ro code  0x00006f88     0x8  - Linker created -
  Veneer               ro code  0x00006f90     0x8  - Linker created -
  .text                ro code  0x00006f98   0x3ec  SD_SendDriver.o [1]
  .text                ro code  0x00007384   0xba4  LCD.o [1]
  .text                ro code  0x00007f28    0x58  About_Image.o [1]
  .text                ro code  0x00007f80    0x30  I32ToDbl.o [4]
  .text                ro code  0x00007fb0   0x246  DblDiv.o [4]
  .text                ro code  0x000081f8    0x4c  DblToI32.o [4]
  .text                ro code  0x00008244   0x1a2  DblMul.o [4]
  .text                ro code  0x000083e8    0x2e  DblCmpGe.o [4]
  .text                ro code  0x00008418    0xe6  FltSub.o [4]
  .text                ro code  0x00008500    0xc4  gpio.o [1]
  .text                ro code  0x000085c4    0x24  delay.o [1]
  .text                ro code  0x000085e8    0x20  assert.o [1]
  .text                ro code  0x00008608    0xb4  LED.o [1]
  .text                ro code  0x000086bc   0x55c  printf.o [1]
  .text                ro code  0x00008c18    0x20  stdlib.o [1]
  .text                ro code  0x00008c38  0x112a  IIC.o [1]
  .text                ro code  0x00009d64    0x2e  DblCmpLe.o [4]
  .text                ro code  0x00009d94   0xc74  ISR_fun.o [1]
  .text                ro code  0x0000aa08    0x90  DblToFlt.o [4]
  .text                ro code  0x0000aa98    0x4e  FltToDbl.o [4]
  .text                ro code  0x0000aae8    0xe8  DblAdd.o [4]
  .text                ro code  0x0000abd0    0xfc  asin.o [4]
  .text                ro code  0x0000accc    0x24  FltCmpGe.o [4]
  .text                ro code  0x0000acf0    0x24  FltCmpLe.o [4]
  .text                ro code  0x0000ad14   0x180  DblSub.o [4]
  .text                ro code  0x0000ae94    0x24  FltToU32.o [4]
  .text                ro code  0x0000aeb8   0x3e8  FTM.o [1]
  .text                ro code  0x0000b2a0    0xf0  sqrt.o [4]
  .text                ro code  0x0000b390     0xc  errno.o [3]
  .text                ro code  0x0000b3a0   0x1f8  xatan.o [4]
  .text                ro code  0x0000b598     0xc  iarEdom.o [5]
  .text                ro code  0x0000b5a4     0x2  xtls.o [3]
  .text                ro code  0x0000b5a8   0x520  start.o [1]
  .text                ro code  0x0000bac8    0x38  wdog.o [1]
  .text                ro code  0x0000bb00    0xc0  startup.o [1]
  .text                ro code  0x0000bbc0    0x5c  sysinit.o [1]
  .text                ro code  0x0000bc1c    0x2c  main.o [1]
  .text                ro code  0x0000bc48   0x15c  arm_cm4.o [1]
  Veneer               ro code  0x0000bda4     0x8  - Linker created -
  .text                ro code  0x0000bdac   0x2f4  mcg.o [1]
  .text                ro code  0x0000c0a0   0x398  uart.o [1]
  Veneer               ro code  0x0000c438     0x8  - Linker created -
  Veneer               ro code  0x0000c440     0x8  - Linker created -
  .text                ro code  0x0000c448   0x514  Car_init.o [1]
  .text                ro code  0x0000c95c   0x1e0  OV7725.o [1]
  .text                ro code  0x0000cb3c    0x70  PIT.o [1]
  .text                ro code  0x0000cbac   0x344  dma.o [1]
  .text                ro code  0x0000cef0    0x58  port.o [1]
  .text                ro code  0x0000cf48   0x40a  SCCB.o [1]
  .text                ro code  0x0000d354   0x3be  isr.o [1]
  CodeRelocate                  0x0000d714   0x27c  <Block>
    Initializer bytes  ro data  0x0000d714   0x27c  <for CodeRelocateRam-1>
  .rodata              const    0x0000d990   0x100  sdhc.o [1]
  .rodata              const    0x0000da90    0x64  flash.o [1]
  .rodata              const    0x0000daf4    0x60  FTM.o [1]
  .rodata              const    0x0000db54    0x60  dma.o [1]
  .rodata              const    0x0000dbb4    0x60  gpio.o [1]
  .rodata              const    0x0000dc14    0x4c  assert.o [1]
  .rodata              const    0x0000dc60    0x48  start.o [1]
  .rodata              const    0x0000dca8    0x40  arm_cm4.o [1]
  .rodata              const    0x0000dce8    0x40  start.o [1]
  .rodata              const    0x0000dd28    0x3c  arm_cm4.o [1]
  .rodata              const    0x0000dd64    0x3c  arm_cm4.o [1]
  .rodata              const    0x0000dda0    0x38  arm_cm4.o [1]
  .rodata              const    0x0000ddd8    0x30  vectors.o [1]
  .rodata              const    0x0000de08    0x2c  start.o [1]
  .text                ro code  0x0000de34    0x2c  data_init3.o [5]
  .rodata              const    0x0000de60    0x28  start.o [1]
  .rodata              const    0x0000de88    0x28  start.o [1]
  .rodata              const    0x0000deb0    0x24  OV7725.o [1]
  .iar.init_table      const    0x0000ded4    0x18  - Linker created -
  .rodata              const    0x0000deec    0x20  OV7725.o [1]
  .rodata              const    0x0000df0c    0x20  OV7725.o [1]
  .rodata              const    0x0000df2c    0x20  isr.o [1]
  .rodata              const    0x0000df4c    0x20  start.o [1]
  .rodata              const    0x0000df6c    0x20  start.o [1]
  .rodata              const    0x0000df8c    0x20  start.o [1]
  .rodata              const    0x0000dfac    0x20  start.o [1]
  .rodata              const    0x0000dfcc    0x20  start.o [1]
  .text                ro code  0x0000dfec    0x20  vectors.o [1]
  .rodata              const    0x0000e00c    0x1c  start.o [1]
  .rodata              const    0x0000e028    0x1c  start.o [1]
  .rodata              const    0x0000e044    0x1c  start.o [1]
  .rodata              const    0x0000e060    0x18  OV7725.o [1]
  .rodata              const    0x0000e078    0x18  start.o [1]
  .rodata              const    0x0000e090    0x18  start.o [1]
  .rodata              const    0x0000e0a8    0x18  start.o [1]
  .rodata              const    0x0000e0c0    0x18  start.o [1]
  .rodata              const    0x0000e0d8    0x18  start.o [1]
  .rodata              const    0x0000e0f0    0x18  start.o [1]
  .rodata              const    0x0000e108    0x18  start.o [1]
  .rodata              const    0x0000e120    0x18  start.o [1]
  .text                ro code  0x0000e138    0x16  cmain.o [5]
  .text                ro code  0x0000e14e     0x4  low_level_init.o [3]
  .text                ro code  0x0000e152     0x4  exit.o [3]
  .text                ro code  0x0000e158     0xa  cexit.o [5]
  .text                ro code  0x0000e164    0x14  exit.o [6]
  .rodata              const    0x0000e178    0x14  Car_init.o [1]
  .rodata              const    0x0000e18c    0x14  Car_init.o [1]
  .rodata              const    0x0000e1a0    0x14  OV7725.o [1]
  .rodata              const    0x0000e1b4    0x14  SD_SendDriver.o [1]
  .rodata              const    0x0000e1c8    0x14  SD_SendDriver.o [1]
  .rodata              const    0x0000e1dc    0x14  start.o [1]
  .rodata              const    0x0000e1f0    0x14  start.o [1]
  .rodata              const    0x0000e204    0x14  start.o [1]
  .rodata              const    0x0000e218    0x14  start.o [1]
  .rodata              const    0x0000e22c    0x14  start.o [1]
  .rodata              const    0x0000e240    0x14  start.o [1]
  .rodata              const    0x0000e254    0x14  start.o [1]
  .rodata              const    0x0000e268    0x14  start.o [1]
  .rodata              const    0x0000e27c    0x10  Car_init.o [1]
  .rodata              const    0x0000e28c    0x10  Car_init.o [1]
  .rodata              const    0x0000e29c    0x10  Car_init.o [1]
  .rodata              const    0x0000e2ac    0x10  Car_init.o [1]
  .rodata              const    0x0000e2bc    0x10  Car_init.o [1]
  .rodata              const    0x0000e2cc    0x10  OV7725.o [1]
  .rodata              const    0x0000e2dc    0x10  ff.o [1]
  .rodata              const    0x0000e2ec    0x10  start.o [1]
  .rodata              const    0x0000e2fc    0x10  start.o [1]
  .rodata              const    0x0000e30c    0x10  start.o [1]
  .rodata              const    0x0000e31c    0x10  start.o [1]
  .rodata              const    0x0000e32c    0x10  start.o [1]
  .rodata              const    0x0000e33c    0x10  start.o [1]
  .rodata              const    0x0000e34c    0x10  start.o [1]
  .rodata              const    0x0000e35c    0x10  start.o [1]
  .rodata              const    0x0000e36c    0x10  start.o [1]
  .rodata              const    0x0000e37c    0x10  start.o [1]
  .rodata              const    0x0000e38c    0x10  start.o [1]
  .rodata              const    0x0000e39c    0x10  start.o [1]
  .rodata              const    0x0000e3ac    0x10  start.o [1]
  .text                ro code  0x0000e3bc    0x10  io.o [1]
  .rodata              const    0x0000e3cc     0xc  SD_SendDriver.o [1]
  .rodata              const    0x0000e3d8     0xc  isr.o [1]
  .rodata              const    0x0000e3e4     0xc  isr.o [1]
  .rodata              const    0x0000e3f0     0xc  start.o [1]
  .rodata              const    0x0000e3fc     0xc  start.o [1]
  .rodata              const    0x0000e408     0xc  start.o [1]
  .rodata              const    0x0000e414     0xc  start.o [1]
  .text                ro code  0x0000e420     0xc  cstartup_M.o [5]
  .rodata              const    0x0000e42c     0x8  Process.o [1]
  .rodata              const    0x0000e434     0x8  Process.o [1]
  .rodata              const    0x0000e43c     0x8  SD_SendDriver.o [1]
  .rodata              const    0x0000e444     0x8  sdhc.o [1]
  .rodata              const    0x0000e44c     0x8  start.o [1]
  .rodata              const    0x0000e454     0x8  start.o [1]
  .rodata              const    0x0000e45c     0x8  start.o [1]
  .rodata              const    0x0000e464     0x8  start.o [1]
  .rodata              const    0x0000e46c     0x8  start.o [1]
  .rodata              const    0x0000e474     0x8  start.o [1]
  .rodata              const    0x0000e47c     0x8  start.o [1]
  .rodata              const    0x0000e484     0x8  start.o [1]
  .rodata              const    0x0000e48c     0x0  bwt_init3c.o [5]
                              - 0x0000e48c  0xe040

"P2", part 1 of 3:                          0x1a20
  .data                         0x1fff0410  0x17a4  <Block>
    .data-1                     0x1fff0410  0x17a4  <Init block>
      .data            inited   0x1fff0410     0xc  FTM.o [1]
      .data            inited   0x1fff041c     0x4  ISR_fun.o [1]
      .data            inited   0x1fff0420     0x4  ISR_fun.o [1]
      .data            inited   0x1fff0424   0x800  LCD.o [1]
      .data            inited   0x1fff0c24   0x36c  LCD.o [1]
      .data            inited   0x1fff0f90     0x1  OV7725.o [1]
      .data            inited   0x1fff0f94    0x64  OV7725.o [1]
      .data            inited   0x1fff0ff8     0x1  OV7725.o [1]
      .data            inited   0x1fff0ffc     0x4  Process.o [1]
      .data            inited   0x1fff1000     0x4  Process.o [1]
      .data            inited   0x1fff1004     0x4  Process.o [1]
      .data            inited   0x1fff1008     0x4  Process.o [1]
      .data            inited   0x1fff100c     0x4  Process.o [1]
      .data            inited   0x1fff1010   0x3c0  Process.o [1]
      .data            inited   0x1fff13d0   0x3c0  Process.o [1]
      .data            inited   0x1fff1790   0x3c0  Process.o [1]
      .data            inited   0x1fff1b50     0x4  Process.o [1]
      .data            inited   0x1fff1b54     0x4  Process.o [1]
      .data            inited   0x1fff1b58     0x4  Process.o [1]
      .data            inited   0x1fff1b5c     0x4  Process.o [1]
      .data            inited   0x1fff1b60     0x4  Startline_Ren_Block.o [1]
      .data            inited   0x1fff1b64     0x4  Startline_Ren_Block.o [1]
      .data            inited   0x1fff1b68     0x1  diskio.o [1]
      .data            inited   0x1fff1b6c    0x14  gpio.o [1]
      .data            inited   0x1fff1b80    0x14  gpio.o [1]
      .data            inited   0x1fff1b94     0x8  mcg.o [1]
      .data            inited   0x1fff1b9c    0x18  uart.o [1]
  CodeRelocateRam               0x1fff1bb4   0x27c  <Block>
    CodeRelocateRam-1           0x1fff1bb4   0x27c  <Init block>
      Veneer           inited   0x1fff1bb4     0x8  - Linker created -
      .textrw          inited   0x1fff1bbc   0x224  flash.o [1]
      .textrw          inited   0x1fff1de0    0x50  mcg.o [1]
                              - 0x1fff1e30  0x1a20

"P2", part 2 of 3:                          0x53f0
  .bss                          0x1fff1e30  0x53f0  <Block>
    .bss               zero     0x1fff1e30     0x4  Car_init.o [1]
    .bss               zero     0x1fff1e34     0x4  ISR_fun.o [1]
    .bss               zero     0x1fff1e38     0xc  ISR_fun.o [1]
    .bss               zero     0x1fff1e44     0x4  ISR_fun.o [1]
    .bss               zero     0x1fff1e48     0xc  ISR_fun.o [1]
    .bss               zero     0x1fff1e54     0x4  ISR_fun.o [1]
    .bss               zero     0x1fff1e58     0x4  ISR_fun.o [1]
    .bss               zero     0x1fff1e5c     0x4  ISR_fun.o [1]
    .bss               zero     0x1fff1e60     0x4  ISR_fun.o [1]
    .bss               zero     0x1fff1e64     0x4  ISR_fun.o [1]
    .bss               zero     0x1fff1e68     0x4  ISR_fun.o [1]
    .bss               zero     0x1fff1e6c     0x4  ISR_fun.o [1]
    .bss               zero     0x1fff1e70     0x4  ISR_fun.o [1]
    .bss               zero     0x1fff1e74  0x25a8  OV7725.o [1]
    .bss               zero     0x1fff441c   0x3c8  Process.o [1]
    .bss               zero     0x1fff47e4   0x3c8  Process.o [1]
    .bss               zero     0x1fff4bac   0x3c8  Process.o [1]
    .bss               zero     0x1fff4f74   0x3c8  Process.o [1]
    .bss               zero     0x1fff533c    0xf4  Process.o [1]
    .bss               zero     0x1fff5430    0xf4  Process.o [1]
    .bss               zero     0x1fff5524   0x3c8  Process.o [1]
    .bss               zero     0x1fff58ec   0x3c8  Process.o [1]
    .bss               zero     0x1fff5cb4   0x3c8  Process.o [1]
    .bss               zero     0x1fff607c   0x3c8  Process.o [1]
    .bss               zero     0x1fff6444    0xf4  Process.o [1]
    .bss               zero     0x1fff6538    0xf4  Process.o [1]
    .bss               zero     0x1fff662c     0x4  Process.o [1]
    .bss               zero     0x1fff6630    0x78  Process.o [1]
    .bss               zero     0x1fff66a8    0x78  Process.o [1]
    .bss               zero     0x1fff6720    0x78  Process.o [1]
    .bss               zero     0x1fff6798    0x78  Process.o [1]
    .bss               zero     0x1fff6810    0x20  Process.o [1]
    .bss               zero     0x1fff6830    0x20  Process.o [1]
    .bss               zero     0x1fff6850     0x4  Process.o [1]
    .bss               zero     0x1fff6854     0x4  Process.o [1]
    .bss               zero     0x1fff6858   0x144  Process.o [1]
    .bss               zero     0x1fff699c     0x4  Process.o [1]
    .bss               zero     0x1fff69a0     0x4  Process.o [1]
    .bss               zero     0x1fff69a4   0x144  Process.o [1]
    .bss               zero     0x1fff6ae8    0x24  SD_SendDriver.o [1]
    .bss               zero     0x1fff6b0c   0x230  SD_SendDriver.o [1]
    .bss               zero     0x1fff6d3c     0x4  SD_SendDriver.o [1]
    .bss               zero     0x1fff6d40    0x54  SD_SendDriver.o [1]
    .bss               zero     0x1fff6d94     0x4  SD_SendDriver.o [1]
    .bss               zero     0x1fff6d98     0x4  SD_SendDriver.o [1]
    .bss               zero     0x1fff6d9c     0x4  SD_SendDriver.o [1]
    .bss               zero     0x1fff6da0     0x4  SD_SendDriver.o [1]
    .bss               zero     0x1fff6da4     0x4  SD_SendDriver.o [1]
    .bss               zero     0x1fff6da8     0x4  SD_SendDriver.o [1]
    .bss               zero     0x1fff6dac     0x4  SD_SendDriver.o [1]
    .bss               zero     0x1fff6db0     0x4  Startline_Ren_Block.o [1]
    .bss               zero     0x1fff6db4     0x4  Startline_Ren_Block.o [1]
    .bss               zero     0x1fff6db8   0x144  Startline_Ren_Block.o [1]
    .bss               zero     0x1fff6efc     0x4  Startline_Ren_Block.o [1]
    .bss               zero     0x1fff6f00     0x4  Startline_Ren_Block.o [1]
    .bss               zero     0x1fff6f04     0x4  ff.o [1]
    .bss               zero     0x1fff6f08     0x4  isr.o [1]
    .bss               zero     0x1fff6f0c    0x28  main.o [1]
    .bss               zero     0x1fff6f34    0x40  main.o [1]
    .bss               zero     0x1fff6f74    0x18  main.o [1]
    .bss               zero     0x1fff6f8c     0xc  main.o [1]
    .bss               zero     0x1fff6f98    0x24  main.o [1]
    .bss               zero     0x1fff6fbc    0x14  main.o [1]
    .bss               zero     0x1fff6fd0     0x4  main.o [1]
    .bss               zero     0x1fff6fd4    0x14  sdhc.o [1]
    .bss               zero     0x1fff6fe8     0x4  sdhc.o [1]
    .bss               zero     0x1fff6fec   0x204  sdhc.o [1]
    .bss               zero     0x1fff71f0     0x8  sdhc.o [1]
    .bss               zero     0x1fff71f8     0x4  sysinit.o [1]
    .bss               zero     0x1fff71fc     0x4  sysinit.o [1]
    .bss               zero     0x1fff7200     0x4  sysinit.o [1]
    .bss               zero     0x1fff7204     0x2  SD_SendDriver.o [1]
    .bss               zero     0x1fff7206     0x2  SD_SendDriver.o [1]
    .bss               zero     0x1fff7208     0x2  ff.o [1]
    .bss               zero     0x1fff720a     0x2  isr.o [1]
    .bss               zero     0x1fff720c     0x1  Car_init.o [1]
    .bss               zero     0x1fff720d     0x1  Car_init.o [1]
    .bss               zero     0x1fff720e     0x1  ISR_fun.o [1]
    .bss               zero     0x1fff720f     0x1  ISR_fun.o [1]
    .bss               zero     0x1fff7210     0x1  ISR_fun.o [1]
    .bss               zero     0x1fff7211     0x1  Process.o [1]
    .bss               zero     0x1fff7212     0x1  Process.o [1]
    .bss               zero     0x1fff7213     0x1  Process.o [1]
    .bss               zero     0x1fff7214     0x1  SD_SendDriver.o [1]
    .bss               zero     0x1fff7215     0x1  SD_SendDriver.o [1]
    .bss               zero     0x1fff7216     0x1  SD_SendDriver.o [1]
    .bss               zero     0x1fff7217     0x1  SmallS_Cross.o [1]
    .bss               zero     0x1fff7218     0x1  SmallS_Cross.o [1]
    .bss               zero     0x1fff7219     0x1  Startline_Ren_Block.o [1]
    .bss               zero     0x1fff721a     0x1  Startline_Ren_Block.o [1]
    .bss               zero     0x1fff721b     0x1  Startline_Ren_Block.o [1]
    .bss               zero     0x1fff721c     0x1  Startline_Ren_Block.o [1]
    .bss               zero     0x1fff721d     0x1  Startline_Ren_Block.o [1]
    .bss               zero     0x1fff721e     0x1  isr.o [1]
    .bss               zero     0x1fff721f     0x1  isr.o [1]
                              - 0x1fff7220  0x53f0

"P2", part 3 of 3:                             0x4
  __DLIB_PERTHREAD     zero     0x1fff7220     0x4  errno.o [3]
                              - 0x1fff7224     0x4


*******************************************************************************
*** INIT TABLE
***

          Address     Size
          -------     ----
Zero (__iar_zero_init3)
    2 destination ranges, total size 0x53f4:
          0x1fff1e30  0x53f0
          0x1fff7220     0x4



*******************************************************************************
*** MODULE SUMMARY
***

    Module                 ro code  rw code  ro data  rw data
    ------                 -------  -------  -------  -------
C:\Users\xuxu\Desktop\9.12 比赛版本\build\fire_demo\Debug\Obj: [1]
    About_Image.o               88
    Car_init.o               1 300               120        6
    FTM.o                    1 000               108       12
    IIC.o                    4 394
    ISR_fun.o                3 188                 8       75
    LCD.o                    2 980             2 924    2 924
    LED.o                      180
    OV7725.o                   480               265    9 742
    PIT.o                      112
    Process.o                5 388             2 935   12 851
    SCCB.o                   1 034
    SD_SendDriver.o          1 004                60      719
    SmallS_Cross.o             336                          2
    Startline_Ren_Block.o    4 244                 8      353
    arm_cm4.o                  348               240
    assert.o                    32                76
    crt0.o                      60
    delay.o                     36
    diskio.o                 1 728                 1        1
    dma.o                      836                96
    ff.o                     6 104                16        6
    flash.o                             548      648
    gpio.o                     196               139       40
    io.o                        16
    isr.o                      958                56        8
    lptmr.o                     72
    main.o                      44                        200
    mcg.o                      756       80       88        8
    port.o                      88
    printf.o                 1 372
    sdhc.o                   2 780               264      548
    start.o                  1 312             1 176
    startup.o                  192
    stdlib.o                    32
    sysinit.o                   92                         12
    uart.o                     920                24       24
    vectors.o                   32             1 088
    wdog.o                      56
    ---------------------------------------------------------
    Total:                  43 790      628   10 340   27 531

command line: [2]
    ---------------------------------------------------------
    Total:

dl7M_tln.a: [3]
    errno.o                     12                          4
    exit.o                       4
    low_level_init.o             4
    xtls.o                       2
    ---------------------------------------------------------
    Total:                      22                          4

m7M_tl.a: [4]
    DblAdd.o                   232
    DblCmpGe.o                  46
    DblCmpLe.o                  46
    DblDiv.o                   582
    DblMul.o                   418
    DblSub.o                   384
    DblToFlt.o                 144
    DblToI32.o                  76
    FltAdd.o                   132
    FltCmpGe.o                  36
    FltCmpLe.o                  36
    FltDiv.o                   252
    FltMul.o                   216
    FltSub.o                   230
    FltToDbl.o                  78
    FltToS32.o                  68
    FltToU32.o                  36
    I32ToDbl.o                  48
    I32ToFlt.o                  46
    asin.o                     252
    sqrt.o                     240
    xatan.o                    504
    ---------------------------------------------------------
    Total:                   4 102

rt7M_tl.a: [5]
    bwt_init3c.o
    cexit.o                     10
    cmain.o                     22
    cstartup_M.o                12
    data_init3.o                44
    iarEdom.o                   12
    zero_init3.o                34
    ---------------------------------------------------------
    Total:                     134

shb_l.a: [6]
    exit.o                      20
    ---------------------------------------------------------
    Total:                      20

    Gaps                        26                         11
    Linker created              40        8       32
-------------------------------------------------------------
    Grand Total:            48 134      636   10 372   27 546


*******************************************************************************
*** ENTRY LIST
***

Entry                      Address    Size  Type      Object
-----                      -------    ----  ----      ------
.bss$$Base              0x1fff1e30           --   Gb  - Linker created -
.bss$$Limit             0x1fff7220           --   Gb  - Linker created -
.data$$Base             0x1fff0410           --   Gb  - Linker created -
.data$$Limit            0x1fff1bb4           --   Gb  - Linker created -
.data_init$$Base        0x00002e08           --   Gb  - Linker created -
.data_init$$Limit       0x000045ac           --   Gb  - Linker created -
?main                   0x0000e139          Code  Gb  cmain.o [5]
ASSERT_FAILED_STR       0x0000dc14    0x4c  Data  Gb  assert.o [1]
Angle                   0x1fff6f0c    0x28  Data  Gb  main.o [1]
Angle_control           0x00009fbb   0x190  Code  Gb  ISR_fun.o [1]
Block                   0x1fff6fbc    0x14  Data  Gb  main.o [1]
Block_judge             0x0000643d   0x3da  Code  Gb  Startline_Ren_Block.o [1]
Buzzer_Ring_ms          0x0000c689    0x24  Code  Gb  Car_init.o [1]
CodeRelocate$$Base      0x0000d714           --   Gb  - Linker created -
CodeRelocate$$Limit     0x0000d990           --   Gb  - Linker created -
CodeRelocateRam$$Base   0x1fff1bb4           --   Gb  - Linker created -
CodeRelocateRam$$Limit  0x1fff1e30           --   Gb  - Linker created -
Cross_flag              0x1fff7217     0x1  Data  Gb  SmallS_Cross.o [1]
Cross_judge             0x00006c01    0x38  Code  Gb  SmallS_Cross.o [1]
DMA0_IRQHandler         0x0000d3d5    0x20  Code  Gb  isr.o [1]
DMA_PORTx2BUFF_Init     0x0000cbad   0x30c  Code  Gb  dma.o [1]
Decoder_init            0x0000c75d   0x14c  Code  Gb  Car_init.o [1]
Direction               0x1fff6f74    0x18  Data  Gb  main.o [1]
Direction_control       0x0000a3cb    0xe2  Code  Gb  ISR_fun.o [1]
Direction_control_with_Ren
                        0x0000a4ad   0x150  Code  Gb  ISR_fun.o [1]
Disp_single_colour      0x00007bcb    0x36  Code  Gb  LCD.o [1]
Draw_single_line        0x00007c01    0x58  Code  Gb  LCD.o [1]
ESDHC_COMMAND_XFERTYP   0x0000d990   0x100  Data  Gb  sdhc.o [1]
FTM0_IRQHandler         0x0000d70f     0x2  Code  Gb  isr.o [1]
FTM1_IRQHandler         0x0000d711     0x2  Code  Gb  isr.o [1]
FTM_PWM_Duty            0x0000b1e1    0x76  Code  Gb  FTM.o [1]
FTM_PWM_init            0x0000aeb9   0x328  Code  Gb  FTM.o [1]
FTMx                    0x1fff0410     0xc  Data  Gb  FTM.o [1]
FatFs                   0x1fff6f04     0x4  Data  Lc  ff.o [1]
Font8x16                0x1fff0424   0x800  Data  Gb  LCD.o [1]
Fsid                    0x1fff7208     0x2  Data  Lc  ff.o [1]
GPIOx                   0x1fff1b6c    0x14  Data  Gb  gpio.o [1]
Get_Gyro                0x00009cdf    0x84  Code  Gb  IIC.o [1]
Get_mma8451_once        0x00009be1    0x96  Code  Gb  IIC.o [1]
H                       0x1fff1000     0x4  Data  Gb  Process.o [1]
HardFault_Handler       0x0000d681     0xa  Code  Gb  isr.o [1]
His_Left_flag           0x1fff6810    0x20  Data  Gb  Process.o [1]
His_Right_flag          0x1fff6830    0x20  Data  Gb  Process.o [1]
His_black_L             0x1fff66a8    0x78  Data  Gb  Process.o [1]
His_black_R             0x1fff6720    0x78  Data  Gb  Process.o [1]
His_centre              0x1fff6630    0x78  Data  Gb  Process.o [1]
His_halfwidth           0x1fff6798    0x78  Data  Gb  Process.o [1]
IIC_start               0x00008c39   0x12a  Code  Gb  IIC.o [1]
IIC_stop                0x00008d65   0x132  Code  Gb  IIC.o [1]
Image_fire              0x1fff1e74  0x25a8  Data  Gb  OV7725.o [1]
Init_L3G4200D           0x00009c91    0x4e  Code  Gb  IIC.o [1]
Judge_Ren               0x00005ed7   0x556  Code  Gb  Startline_Ren_Block.o [1]
Judge_startline_by_camera
                        0x00005ab9   0x41e  Code  Gb  Startline_Ren_Block.o [1]
K60_SDHC0_init          0x0000e444     0x8  Data  Gb  sdhc.o [1]
LCD_PORT_init           0x00007385    0x40  Code  Gb  LCD.o [1]
LCD_PutChar             0x00007a33    0x28  Code  Gb  LCD.o [1]
LCD_PutChar8x16         0x00007abb    0x6c  Code  Gb  LCD.o [1]
LCD_PutString           0x00007a5b    0x60  Code  Gb  LCD.o [1]
LCD_Put_Int             0x00007c5d   0x2c0  Code  Gb  LCD.o [1]
LCD_SetPos              0x000079d5    0x5e  Code  Gb  LCD.o [1]
LCD_init                0x000073c5   0x23a  Code  Gb  LCD.o [1]
LED_init                0x00008609    0x34  Code  Gb  LED.o [1]
MMA845x_init            0x000091c5   0x9a4  Code  Gb  IIC.o [1]
Measure_Acc             0x00009e9f   0x11c  Code  Gb  ISR_fun.o [1]
Measure_speed           0x00009d95   0x10a  Code  Gb  ISR_fun.o [1]
Motor_Control           0x0000a605   0x32a  Code  Gb  ISR_fun.o [1]
Multiple_line_enable    0x1fff7211     0x1  Data  Gb  Process.o [1]
Ov7725_Init             0x0000ca35    0x12  Code  Gb  OV7725.o [1]
Ov7725_exti_Init        0x0000c95d    0x9a  Code  Gb  OV7725.o [1]
Ov7725_reg_Init         0x0000ca47    0xbe  Code  Gb  OV7725.o [1]
PIT0_IRQHandler         0x0000d3f5   0x15e  Code  Gb  isr.o [1]
PORTX                   0x1fff1b80    0x14  Data  Gb  gpio.o [1]
Parameters_init_CAR     0x0000c613    0x76  Code  Gb  Car_init.o [1]
PendSV_Handler          0x0000d70d     0x2  Code  Gb  isr.o [1]
Process_Image           0x000045ad   0xb10  Code  Gb  Process.o [1]
PutGB1616               0x00007b27    0xa4  Code  Gb  LCD.o [1]
Pwm_Port_init           0x0000c711    0x4c  Code  Gb  Car_init.o [1]
Region$$Table$$Base     0x0000ded4           --   Gb  - Linker created -
Region$$Table$$Limit    0x0000deec           --   Gb  - Linker created -
Ren                     0x1fff6f98    0x24  Data  Gb  main.o [1]
Reset_Handler           0x00000411          Code  Gb  crt0.o [1]
SCCB_Ack                0x0000d069    0x4c  Code  Lc  SCCB.o [1]
SCCB_GPIO_init          0x0000cf63    0x1c  Code  Gb  SCCB.o [1]
SCCB_NoAck              0x0000d0b5    0x4c  Code  Lc  SCCB.o [1]
SCCB_ReadByte           0x0000d2cd    0x86  Code  Gb  SCCB.o [1]
SCCB_ReceiveByte        0x0000d1f3    0x84  Code  Lc  SCCB.o [1]
SCCB_SendByte           0x0000d189    0x6a  Code  Lc  SCCB.o [1]
SCCB_Start              0x0000cf7f    0xaa  Code  Lc  SCCB.o [1]
SCCB_Stop               0x0000d029    0x40  Code  Lc  SCCB.o [1]
SCCB_WaitAck            0x0000d101    0x88  Code  Lc  SCCB.o [1]
SCCB_WriteByte          0x0000d285    0x48  Code  Gb  SCCB.o [1]
SCCB_delay              0x0000cf49    0x1a  Code  Lc  SCCB.o [1]
SCISendFloat            0x0000c2ff    0xea  Code  Gb  uart.o [1]
SDHC_Card               0x1fff6fd4    0x14  Data  Gb  sdhc.o [1]
SDHC_Device             0x1fff71f0     0x8  Data  Gb  sdhc.o [1]
SDHC_Info               0x1fff6fec   0x204  Data  Gb  sdhc.o [1]
SDHC_Init               0x1fff6fe8     0x4  Data  Gb  sdhc.o [1]
SDHC_init               0x000023b1   0x100  Code  Gb  sdhc.o [1]
SDHC_ioctl              0x00002661   0x6dc  Code  Gb  sdhc.o [1]
SDHC_is_running         0x000024b1    0x18  Code  Gb  sdhc.o [1]
SDHC_send_command       0x000024db   0x186  Code  Gb  sdhc.o [1]
SDHC_set_baudrate       0x000022e5    0xcc  Code  Gb  sdhc.o [1]
SDHC_status_wait        0x000024c9    0x12  Code  Gb  sdhc.o [1]
SD_Writedata            0x00006f99   0x36a  Code  Gb  SD_SendDriver.o [1]
SD_enable               0x1fff7215     0x1  Data  Gb  SD_SendDriver.o [1]
Sd_writeOnce            0x1fff7214     0x1  Data  Lc  SD_SendDriver.o [1]
Send_Image_to_LCD       0x00007f29    0x58  Code  Gb  About_Image.o [1]
Send_Img                0x1fff6d40    0x54  Data  Gb  SD_SendDriver.o [1]
Single_Read             0x0000918b    0x38  Code  Gb  IIC.o [1]
Single_Write            0x00009161    0x2a  Code  Gb  IIC.o [1]
Slope_Check             0x00006a2d    0x98  Code  Gb  Startline_Ren_Block.o [1]
Slope_Check_enable      0x1fff7219     0x1  Data  Gb  Startline_Ren_Block.o [1]
Slope_delaytime         0x1fff6f00     0x4  Data  Gb  Startline_Ren_Block.o [1]
Slope_flag              0x1fff721a     0x1  Data  Gb  Startline_Ren_Block.o [1]
Slope_time              0x1fff6efc     0x4  Data  Gb  Startline_Ren_Block.o [1]
Speed                   0x1fff6f34    0x40  Data  Gb  main.o [1]
Speed_control           0x0000a14b   0x280  Code  Gb  ISR_fun.o [1]
StartLine               0x1fff6f8c     0xc  Data  Gb  main.o [1]
Stat                    0x1fff1b68     0x1  Data  Lc  diskio.o [1]
Store_History           0x00006b4d    0xb4  Code  Gb  SmallS_Cross.o [1]
Switch_init             0x0000c6ad    0x64  Code  Gb  Car_init.o [1]
SysTick_Handler         0x0000d67f     0x2  Code  Gb  isr.o [1]
System_Init             0x0000c449   0x1ca  Code  Gb  Car_init.o [1]
Time_1ms                0x1fff6fd0     0x4  Data  Gb  main.o [1]
UARTx                   0x1fff1b9c    0x18  Data  Gb  uart.o [1]
USART3_IRQHandler       0x0000d553   0x12c  Code  Gb  isr.o [1]
VSYNC_IRQ               0x0000d355    0x80  Code  Gb  isr.o [1]
__BOOT_STACK_ADDRESS {Abs}
                        0x2000fff8           --   Gb  command line/config [2]
__VECTOR_RAM {Abs}      0x1fff0000           --   Gb  command line/config [2]
__VECTOR_TABLE {Abs}    0x00000000           --   Gb  command line/config [2]
__aeabi_cdcmple         0x00009d65          Code  Gb  DblCmpLe.o [4]
__aeabi_cdrcmple        0x000083e9          Code  Gb  DblCmpGe.o [4]
__aeabi_cfcmple         0x0000acf1          Code  Gb  FltCmpLe.o [4]
__aeabi_cfrcmple        0x0000accd          Code  Gb  FltCmpGe.o [4]
__aeabi_d2f             0x0000aa09          Code  Gb  DblToFlt.o [4]
__aeabi_d2iz            0x000081f9          Code  Gb  DblToI32.o [4]
__aeabi_dadd            0x0000aae9          Code  Gb  DblAdd.o [4]
__aeabi_ddiv            0x00007fb1          Code  Gb  DblDiv.o [4]
__aeabi_dmul            0x00008245          Code  Gb  DblMul.o [4]
__aeabi_dsub            0x0000ad15          Code  Gb  DblSub.o [4]
__aeabi_errno_addr      0x0000b391     0x6  Code  Gb  errno.o [3]
__aeabi_f2d             0x0000aa99          Code  Gb  FltToDbl.o [4]
__aeabi_f2iz            0x00006e49          Code  Gb  FltToS32.o [4]
__aeabi_f2uiz           0x0000ae95          Code  Gb  FltToU32.o [4]
__aeabi_fadd            0x00006dc5          Code  Gb  FltAdd.o [4]
__aeabi_fdiv            0x00006e8d          Code  Gb  FltDiv.o [4]
__aeabi_fmul            0x00006ced          Code  Gb  FltMul.o [4]
__aeabi_fsub            0x00008419          Code  Gb  FltSub.o [4]
__aeabi_i2d             0x00007f81          Code  Gb  I32ToDbl.o [4]
__aeabi_i2f             0x00006c9d          Code  Gb  I32ToFlt.o [4]
__aeabi_ui2d            0x00007f95          Code  Gb  I32ToDbl.o [4]
__cmain                 0x0000e139          Code  Gb  cmain.o [5]
__code_start__ {Abs}    0x00000410           --   Gb  command line/config [2]
__exit                  0x0000e165    0x14  Code  Gb  exit.o [6]
__iar_Atan              0x0000b3a1   0x15e  Code  Gb  xatan.o [4]
__iar_Errno             0x1fff7220     0x4  Data  Gb  errno.o [3]
__iar_SB                0x0000e48c          Data  Gb  bwt_init3c.o [5]
__iar_d2uiz             0x00008225          Code  Gb  DblToI32.o [4]
__iar_dadd              0x0000aafd          Code  Gb  DblAdd.o [4]
__iar_data_init3        0x0000de35    0x2c  Code  Gb  data_init3.o [5]
__iar_dlib_perthread_access
                        0x0000b5a5     0x2  Code  Gb  xtls.o [3]
__iar_dsub              0x0000ad29          Code  Gb  DblSub.o [4]
__iar_dsubStart         0x0000ad3b          Code  Gb  DblSub.o [4]
__iar_edom              0x0000b599          Code  Gb  iarEdom.o [5]
__iar_fadd              0x00006dd5          Code  Gb  FltAdd.o [4]
__iar_fsub              0x00008429          Code  Gb  FltSub.o [4]
__iar_fsubStart         0x00008439          Code  Gb  FltSub.o [4]
__iar_program_start     0x0000e421          Code  Gb  cstartup_M.o [5]
__iar_sqrt              0x0000b2a1          Code  Gb  sqrt.o [4]
__iar_ui2d              0x00007f99          Code  Gb  I32ToDbl.o [4]
__iar_ui2f              0x00006cb1          Code  Gb  I32ToFlt.o [4]
__iar_zero_init3        0x00006ccb    0x22  Code  Gb  zero_init3.o [5]
__low_level_init        0x0000e14f     0x4  Code  Gb  low_level_init.o [3]
__vector_table          0x00000000   0x410  Data  Gb  vectors.o [1]
_call_main              0x0000e145          Code  Gb  cmain.o [5]
_exit                   0x0000e159          Code  Gb  cexit.o [5]
_halfwidth_max          0x1fff13d0   0x3c0  Data  Gb  Process.o [1]
_halfwidth_min          0x1fff1010   0x3c0  Data  Gb  Process.o [1]
_main                   0x0000e14b          Code  Gb  cmain.o [5]
a                       0x0000b558    0x40  Data  Lc  xatan.o [4]
add                     0x1fff6d94     0x4  Data  Gb  SD_SendDriver.o [1]
asin                    0x0000abd1    0xe8  Code  Gb  asin.o [4]
assert_failed           0x000085e9    0x20  Code  Gb  assert.o [1]
black_L                 0x1fff47e4   0x3c8  Data  Gb  Process.o [1]
black_L_oth             0x1fff58ec   0x3c8  Data  Gb  Process.o [1]
black_R                 0x1fff4bac   0x3c8  Data  Gb  Process.o [1]
black_R_oth             0x1fff5cb4   0x3c8  Data  Gb  Process.o [1]
black_centre            0x1fff0ffc     0x4  Data  Gb  Process.o [1]
bus_clk_khz             0x1fff7200     0x4  Data  Gb  sysinit.o [1]
bw                      0x1fff6d3c     0x4  Data  Gb  SD_SendDriver.o [1]
centre                  0x1fff441c   0x3c8  Data  Gb  Process.o [1]
centre_oth              0x1fff5524   0x3c8  Data  Gb  Process.o [1]
centre_ratio            0x1fff1790   0x3c0  Data  Gb  Process.o [1]
centre_ratio_step       0x1fff662c     0x4  Data  Gb  Process.o [1]
cfgnum                  0x1fff0ff8     0x1  Data  Gb  OV7725.o [1]
check_fs                0x00000ed5    0x7a  Code  Lc  ff.o [1]
chk_chr                 0x000004a3    0x14  Code  Lc  ff.o [1]
chk_mounted             0x00000f4f   0x434  Code  Lc  ff.o [1]
clust2sect              0x00000607    0x1a  Code  Gb  ff.o [1]
codeGB_16               0x1fff0c24   0x36c  Data  Gb  LCD.o [1]
common_startup          0x0000bb01    0xc0  Code  Gb  startup.o [1]
core_clk_khz            0x1fff71f8     0x4  Data  Gb  sysinit.o [1]
core_clk_mhz            0x1fff71fc     0x4  Data  Gb  sysinit.o [1]
cpu_identify            0x0000b6d7   0x20a  Code  Gb  start.o [1]
create_chain            0x00000905    0xdc  Code  Lc  ff.o [1]
create_name             0x00000cc5   0x170  Code  Lc  ff.o [1]
default_isr             0x0000dfed    0x20  Code  Gb  vectors.o [1]
delayms                 0x000085c5    0x1e  Code  Gb  delay.o [1]
dir_find                0x00000bdb    0x68  Code  Lc  ff.o [1]
dir_next                0x00000a99   0x142  Code  Lc  ff.o [1]
dir_register            0x00000c43    0x82  Code  Lc  ff.o [1]
dir_sdi                 0x000009e1    0xb8  Code  Lc  ff.o [1]
disable_irq             0x0000bce3    0x5e  Code  Gb  arm_cm4.o [1]
disk_initialize         0x00001c25   0x2ca  Code  Gb  diskio.o [1]
disk_ioctl              0x000021e9    0xba  Code  Gb  diskio.o [1]
disk_read               0x00001f8b    0xd8  Code  Gb  diskio.o [1]
disk_status             0x000022a3    0x12  Code  Gb  diskio.o [1]
disk_write              0x000020c1   0x128  Code  Gb  diskio.o [1]
enable_irq              0x0000bc4f    0x94  Code  Gb  arm_cm4.o [1]
exit                    0x0000e153     0x4  Code  Gb  exit.o [3]
f_close                 0x00001881    0x1c  Code  Gb  ff.o [1]
f_mount                 0x000013b1    0x32  Code  Gb  ff.o [1]
f_open                  0x000013fd   0x1a6  Code  Gb  ff.o [1]
f_printf                0x00001903   0x322  Code  Gb  ff.o [1]
f_putc                  0x0000189d    0x38  Code  Gb  ff.o [1]
f_puts                  0x000018d5    0x2e  Code  Gb  ff.o [1]
f_sync                  0x000017e3    0x9e  Code  Gb  ff.o [1]
f_write                 0x000015a3   0x240  Code  Gb  ff.o [1]
far_hang                0x1fff100c     0x4  Data  Gb  Process.o [1]
fdst                    0x1fff6ae8    0x24  Data  Gb  SD_SendDriver.o [1]
find_valid_farthest     0x000056a9   0x376  Code  Gb  Process.o [1]
flash_cmd_launch        0x1fff1bbd    0x20  Code  Lc  flash.o [1]
flash_erase_sector      0x1fff1c05    0x7c  Code  Gb  flash.o [1]
flash_identify          0x0000b8e1    0xbe  Code  Gb  start.o [1]
flash_init              0x1fff1bdd    0x28  Code  Gb  flash.o [1]
flash_write             0x1fff1c81    0x8c  Code  Gb  flash.o [1]
flash_write_buf         0x1fff1d0d    0xa2  Code  Gb  flash.o [1]
flash_write_count       0x1fff6d98     0x4  Data  Lc  SD_SendDriver.o [1]
follow_path             0x00000e35    0xa0  Code  Lc  ff.o [1]
fs                      0x1fff6b0c   0x230  Data  Gb  SD_SendDriver.o [1]
getLeft_flag            0x1fff533c    0xf4  Data  Gb  Process.o [1]
getLeft_flag_oth        0x1fff6444    0xf4  Data  Gb  Process.o [1]
getRight_flag           0x1fff5430    0xf4  Data  Gb  Process.o [1]
getRight_flag_oth       0x1fff6538    0xf4  Data  Gb  Process.o [1]
get_black_line          0x000053a5   0x304  Code  Gb  Process.o [1]
get_black_line_correct  0x00006821   0x206  Code  Gb  Startline_Ren_Block.o [1]
get_black_line_oth      0x000050dd   0x2b2  Code  Gb  Process.o [1]
get_fat                 0x00000621   0x102  Code  Gb  ff.o [1]
get_fattime             0x000022e1     0x4  Code  Gb  diskio.o [1]
gpio_init               0x00008501    0xb8  Code  Gb  gpio.o [1]
halfwidth               0x1fff4f74   0x3c8  Data  Gb  Process.o [1]
halfwidth_oth           0x1fff607c   0x3c8  Data  Gb  Process.o [1]
img_flag                0x1fff0f90     0x1  Data  Gb  OV7725.o [1]
led                     0x0000863d    0x1e  Code  Gb  LED.o [1]
main                    0x0000bc1d    0x2c  Code  Gb  main.o [1]
mcg_div                 0x1fff1b94     0x8  Data  Gb  mcg.o [1]
mem_cmp                 0x0000047f    0x24  Code  Lc  ff.o [1]
mem_cpy                 0x0000044d    0x1c  Code  Lc  ff.o [1]
mem_set                 0x00000469    0x16  Code  Lc  ff.o [1]
mma_switch              0x00009b69    0x78  Code  Gb  IIC.o [1]
move_window             0x000004b7    0x78  Code  Lc  ff.o [1]
near_hang               0x1fff1008     0x4  Data  Gb  Process.o [1]
out_char                0x0000e3bd    0x10  Code  Gb  io.o [1]
ov7725_get_img          0x0000c9f7    0x3e  Code  Gb  OV7725.o [1]
ov7727_reg              0x1fff0f94    0x64  Data  Gb  OV7725.o [1]
pit_init                0x0000cb3d    0x62  Code  Gb  PIT.o [1]
pll_init                0x0000bdad   0x2f4  Code  Gb  mcg.o [1]
port_init               0x0000cef1    0x58  Code  Gb  port.o [1]
printf                  0x00008bef    0x26  Code  Gb  printf.o [1]
printk                  0x000087e5   0x40a  Code  Gb  printf.o [1]
printk_mknumstr         0x000086ef    0xaa  Code  Lc  printf.o [1]
printk_pad_space        0x000087bf    0x26  Code  Lc  printf.o [1]
printk_pad_zero         0x00008799    0x26  Code  Lc  printf.o [1]
printk_putc             0x000086bd    0x32  Code  Lc  printf.o [1]
put_fat                 0x00000723   0x170  Code  Gb  ff.o [1]
rcvr_datablock          0x00001eef    0x9c  Code  Lc  diskio.o [1]
read_byte               0x0000904d   0x104  Code  Gb  IIC.o [1]
remove_chain            0x00000893    0x72  Code  Lc  ff.o [1]
send_byte               0x00008e99   0x1b2  Code  Gb  IIC.o [1]
set_irq_priority        0x0000bd41    0x2a  Code  Gb  arm_cm4.o [1]
set_sys_dividers        0x1fff1de1    0x50  Code  Gb  mcg.o [1]
smallS_flag             0x1fff7218     0x1  Data  Gb  SmallS_Cross.o [1]
sqrt                    0x0000b2a1          Code  Gb  sqrt.o [4]
sqrtl                   0x0000b2a1          Code  Gb  sqrt.o [4]
start                   0x0000b5a9   0x12e  Code  Gb  start.o [1]
strlen                  0x00008c19    0x20  Code  Gb  stdlib.o [1]
sum_OneRow              0x00006c39    0x22  Code  Gb  SmallS_Cross.o [1]
sync                    0x0000052f    0xd8  Code  Lc  ff.o [1]
sysinit                 0x0000bbc1    0x48  Code  Gb  sysinit.o [1]
time_delay_ms           0x00002dc1    0x38  Code  Gb  lptmr.o [1]
uart_getchar            0x0000c297    0x1e  Code  Gb  uart.o [1]
uart_init               0x0000c0a1   0x1f6  Code  Gb  uart.o [1]
uart_irq_DIS            0x0000c2d3    0x2c  Code  Gb  uart.o [1]
uart_putchar            0x0000c2b5    0x1e  Code  Gb  uart.o [1]
valid_farthest          0x1fff1004     0x4  Data  Gb  Process.o [1]
validate                0x00001383    0x2e  Code  Lc  ff.o [1]
water_lights            0x0000865b    0x5c  Code  Gb  LED.o [1]
wdog_disable            0x0000bac9    0x16  Code  Gb  wdog.o [1]
wdog_unlock             0x0000bae1    0x16  Code  Gb  wdog.o [1]
write_command           0x000075ff   0x1e0  Code  Gb  LCD.o [1]
write_data              0x000077df   0x1e0  Code  Gb  LCD.o [1]
write_vtor              0x0000bc49     0x6  Code  Gb  arm_cm4.o [1]
write_word              0x000079bf    0x16  Code  Gb  LCD.o [1]
xmit_datablock          0x00002063    0x5e  Code  Lc  diskio.o [1]


[1] = C:\Users\xuxu\Desktop\9.12 比赛版本\build\fire_demo\Debug\Obj
[2] = command line
[3] = dl7M_tln.a
[4] = m7M_tl.a
[5] = rt7M_tl.a
[6] = shb_l.a

  48 134 bytes of readonly  code memory
     636 bytes of readwrite code memory
  10 372 bytes of readonly  data memory
  27 546 bytes of readwrite data memory

Errors: none
Warnings: none
